Component: Arm Compiler for Embedded 6.23 Tool: armlink [5f102400]

==============================================================================

Section Cross References

    main.o(.text.main) refers to system.o(.text.set_system_state) for set_system_state
    main.o(.text.main) refers to uart.o(.text.USART2_init) for USART2_init
    main.o(.text.main) refers to limit.o(.text.limit_init) for limit_init
    main.o(.text.main) refers to stepper.o(.text.pulse_width_init) for pulse_width_init
    main.o(.text.main) refers to stepper.o(.text.stepper1_init) for stepper1_init
    main.o(.text.main) refers to stepper.o(.text.stepper2_init) for stepper2_init
    main.o(.text.main) refers to stepper.o(.text.set_stepper1_step_freq) for set_stepper1_step_freq
    main.o(.text.main) refers to stepper.o(.text.set_stepper2_step_freq) for set_stepper2_step_freq
    main.o(.text.main) refers to stepper.o(.text.set_stepper1_dir) for set_stepper1_dir
    main.o(.text.main) refers to stepper.o(.text.set_stepper2_dir) for set_stepper2_dir
    main.o(.text.main) refers to servo.o(.text.servo1_init) for servo1_init
    main.o(.text.main) refers to servo.o(.text.set_servo1_angle) for set_servo1_angle
    main.o(.text.main) refers to uart.o(.text.get_packet_ready) for get_packet_ready
    main.o(.text.main) refers to system.o(.text.get_system_state) for get_system_state
    main.o(.text.main) refers to uart.o(.text.get_rx_buffer) for get_rx_buffer
    main.o(.text.main) refers to stepper.o(.text.drive_stepper1) for drive_stepper1
    main.o(.text.main) refers to uart.o(.text.set_packet_ready) for set_packet_ready
    main.o(.text.main) refers to stepper.o(.text.drive_stepper2) for drive_stepper2
    main.o(.text.main) refers to uart.o(.text.USART2_write) for USART2_write
    main.o(.text.main) refers to uart.o(.text.USART2_send_ack) for USART2_send_ack
    main.o(.text.main) refers to servo.o(.text.set_servo2_angle) for set_servo2_angle
    main.o(.text.main) refers to calibrate.o(.text.calibrate) for calibrate
    main.o(.text.main) refers to uart.o(.text.USART2_send_nack) for USART2_send_nack
    main.o(.ARM.exidx.text.main) refers to main.o(.text.main) for [Anonymous Symbol]
    uart.o(.text.get_rx_buffer) refers to uart.o(.bss.rx_buffer) for rx_buffer
    uart.o(.ARM.exidx.text.get_rx_buffer) refers to uart.o(.text.get_rx_buffer) for [Anonymous Symbol]
    uart.o(.text.get_packet_ready) refers to uart.o(.bss.packet_ready) for packet_ready
    uart.o(.ARM.exidx.text.get_packet_ready) refers to uart.o(.text.get_packet_ready) for [Anonymous Symbol]
    uart.o(.text.set_packet_ready) refers to uart.o(.bss.packet_ready) for packet_ready
    uart.o(.ARM.exidx.text.set_packet_ready) refers to uart.o(.text.set_packet_ready) for [Anonymous Symbol]
    uart.o(.ARM.exidx.text.USART2_write) refers to uart.o(.text.USART2_write) for [Anonymous Symbol]
    uart.o(.text.USART2_init) refers to uart.o(.text.__NVIC_EnableIRQ) for __NVIC_EnableIRQ
    uart.o(.ARM.exidx.text.USART2_init) refers to uart.o(.text.USART2_init) for [Anonymous Symbol]
    uart.o(.ARM.exidx.text.__NVIC_EnableIRQ) refers to uart.o(.text.__NVIC_EnableIRQ) for [Anonymous Symbol]
    uart.o(.text.USART2_send_ack) refers to uart.o(.text.USART2_write) for USART2_write
    uart.o(.ARM.exidx.text.USART2_send_ack) refers to uart.o(.text.USART2_send_ack) for [Anonymous Symbol]
    uart.o(.text.USART2_send_nack) refers to uart.o(.text.USART2_write) for USART2_write
    uart.o(.ARM.exidx.text.USART2_send_nack) refers to uart.o(.text.USART2_send_nack) for [Anonymous Symbol]
    uart.o(.text.USART2_IRQHandler) refers to uart.o(.bss.state) for state
    uart.o(.text.USART2_IRQHandler) refers to uart.o(.bss.data_index) for data_index
    uart.o(.text.USART2_IRQHandler) refers to uart.o(.bss.calc_chk) for calc_chk
    uart.o(.text.USART2_IRQHandler) refers to uart.o(.bss.rx_chk) for rx_chk
    uart.o(.text.USART2_IRQHandler) refers to uart.o(.bss.rx_buffer) for rx_buffer
    uart.o(.text.USART2_IRQHandler) refers to uart.o(.bss.packet_ready) for packet_ready
    uart.o(.ARM.exidx.text.USART2_IRQHandler) refers to uart.o(.text.USART2_IRQHandler) for [Anonymous Symbol]
    gpio.o(.ARM.exidx.text.GPIO_init_output) refers to gpio.o(.text.GPIO_init_output) for [Anonymous Symbol]
    gpio.o(.ARM.exidx.text.GPIO_init_pud_input) refers to gpio.o(.text.GPIO_init_pud_input) for [Anonymous Symbol]
    gpio.o(.ARM.exidx.text.GPIO_read_IDR) refers to gpio.o(.text.GPIO_read_IDR) for [Anonymous Symbol]
    gpio.o(.ARM.exidx.text.GPIO_set) refers to gpio.o(.text.GPIO_set) for [Anonymous Symbol]
    gpio.o(.ARM.exidx.text.GPIO_clear) refers to gpio.o(.text.GPIO_clear) for [Anonymous Symbol]
    timer.o(.text.get_stepper1_count) refers to timer.o(.bss.stepper1_count) for stepper1_count
    timer.o(.ARM.exidx.text.get_stepper1_count) refers to timer.o(.text.get_stepper1_count) for [Anonymous Symbol]
    timer.o(.text.get_stepper2_count) refers to timer.o(.bss.stepper2_count) for stepper2_count
[...]
    limit.o(.text.EXTI1_IRQHandler) refers to system.o(.text.get_system_state) for get_system_state
    limit.o(.text.EXTI1_IRQHandler) refers to stepper.o(.text.stop_stepper1) for stop_stepper1
    limit.o(.text.EXTI1_IRQHandler) refers to calibrate.o(.text.get_calibration_state) for get_calibration_state
    limit.o(.text.EXTI1_IRQHandler) refers to timer.o(.text.get_stepper1_count) for get_stepper1_count
    limit.o(.text.EXTI1_IRQHandler) refers to calibrate.o(.text.set_y_distance) for set_y_distance
    limit.o(.text.EXTI1_IRQHandler) refers to calibrate.o(.text.set_calibration_state) for set_calibration_state
    limit.o(.text.EXTI1_IRQHandler) refers to stepper.o(.text.set_stepper1_dir) for set_stepper1_dir
    limit.o(.text.EXTI1_IRQHandler) refers to stepper.o(.text.drive_stepper1) for drive_stepper1
    limit.o(.ARM.exidx.text.EXTI1_IRQHandler) refers to limit.o(.text.EXTI1_IRQHandler) for [Anonymous Symbol]
    limit.o(.text.EXTI2_IRQHandler) refers to system.o(.text.get_system_state) for get_system_state
    limit.o(.text.EXTI2_IRQHandler) refers to stepper.o(.text.stop_stepper2) for stop_stepper2
    limit.o(.text.EXTI2_IRQHandler) refers to calibrate.o(.text.get_calibration_state) for get_calibration_state
    limit.o(.text.EXTI2_IRQHandler) refers to calibrate.o(.text.set_calibration_state) for set_calibration_state
    limit.o(.text.EXTI2_IRQHandler) refers to stepper.o(.text.set_stepper2_dir) for set_stepper2_dir
    limit.o(.text.EXTI2_IRQHandler) refers to stepper.o(.text.drive_stepper2) for drive_stepper2
    limit.o(.ARM.exidx.text.EXTI2_IRQHandler) refers to limit.o(.text.EXTI2_IRQHandler) for [Anonymous Symbol]
    limit.o(.text.EXTI3_IRQHandler) refers to system.o(.text.get_system_state) for get_system_state
    limit.o(.text.EXTI3_IRQHandler) refers to stepper.o(.text.stop_stepper2) for stop_stepper2
    limit.o(.text.EXTI3_IRQHandler) refers to calibrate.o(.text.get_calibration_state) for get_calibration_state
    limit.o(.text.EXTI3_IRQHandler) refers to timer.o(.text.get_stepper2_count) for get_stepper2_count
    limit.o(.text.EXTI3_IRQHandler) refers to calibrate.o(.text.set_z_distance) for set_z_distance
    limit.o(.text.EXTI3_IRQHandler) refers to calibrate.o(.text.set_calibration_state) for set_calibration_state
    limit.o(.text.EXTI3_IRQHandler) refers to stepper.o(.text.set_stepper2_dir) for set_stepper2_dir
    limit.o(.text.EXTI3_IRQHandler) refers to stepper.o(.text.drive_stepper2) for drive_stepper2
    limit.o(.ARM.exidx.text.EXTI3_IRQHandler) refers to limit.o(.text.EXTI3_IRQHandler) for [Anonymous Symbol]
    system.o(.text.set_system_state) refers to system.o(.bss.system_state) for system_state
    system.o(.ARM.exidx.text.set_system_state) refers to system.o(.text.set_system_state) for [Anonymous Symbol]
    system.o(.text.get_system_state) refers to system.o(.bss.system_state) for system_state
    system.o(.ARM.exidx.text.get_system_state) refers to system.o(.text.get_system_state) for [Anonymous Symbol]
    calibrate.o(.text.get_calibration_state) refers to calibrate.o(.bss.calibration_state) for calibration_state
    calibrate.o(.ARM.exidx.text.get_calibration_state) refers to calibrate.o(.text.get_calibration_state) for [Anonymous Symbol]
    calibrate.o(.text.set_y_distance) refers to calibrate.o(.bss.y_distance) for y_distance
    calibrate.o(.ARM.exidx.text.set_y_distance) refers to calibrate.o(.text.set_y_distance) for [Anonymous Symbol]
    calibrate.o(.text.set_z_distance) refers to calibrate.o(.bss.z_distance) for z_distance
    calibrate.o(.ARM.exidx.text.set_z_distance) refers to calibrate.o(.text.set_z_distance) for [Anonymous Symbol]
    calibrate.o(.text.get_y_distance) refers to calibrate.o(.bss.y_distance) for y_distance
    calibrate.o(.ARM.exidx.text.get_y_distance) refers to calibrate.o(.text.get_y_distance) for [Anonymous Symbol]
    calibrate.o(.text.get_z_distance) refers to calibrate.o(.bss.z_distance) for z_distance
    calibrate.o(.ARM.exidx.text.get_z_distance) refers to calibrate.o(.text.get_z_distance) for [Anonymous Symbol]
    calibrate.o(.text.set_calibration_state) refers to calibrate.o(.bss.calibration_state) for calibration_state
    calibrate.o(.ARM.exidx.text.set_calibration_state) refers to calibrate.o(.text.set_calibration_state) for [Anonymous Symbol]
    calibrate.o(.text.calibrate) refers to calibrate.o(.text.set_y_distance) for set_y_distance
    calibrate.o(.text.calibrate) refers to calibrate.o(.text.set_z_distance) for set_z_distance
    calibrate.o(.text.calibrate) refers to system.o(.text.set_system_state) for set_system_state
    calibrate.o(.text.calibrate) refers to calibrate.o(.bss.calibration_state) for calibration_state
    calibrate.o(.text.calibrate) refers to stepper.o(.text.set_stepper2_dir) for set_stepper2_dir
    calibrate.o(.text.calibrate) refers to timer.o(.text.set_stepper2_goal) for set_stepper2_goal
    calibrate.o(.text.calibrate) refers to timer.o(.text.stepper2_start_counting) for stepper2_start_counting
    calibrate.o(.text.calibrate) refers to calibrate.o(.text.set_calibration_state) for set_calibration_state
    calibrate.o(.text.calibrate) refers to timer.o(.text.get_stepper2_count) for get_stepper2_count
    calibrate.o(.text.calibrate) refers to timer.o(.text.get_stepper2_goal) for get_stepper2_goal
    calibrate.o(.text.calibrate) refers to stepper.o(.text.set_stepper1_dir) for set_stepper1_dir
    calibrate.o(.text.calibrate) refers to timer.o(.text.set_stepper1_goal) for set_stepper1_goal
    calibrate.o(.text.calibrate) refers to timer.o(.text.stepper1_start_counting) for stepper1_start_counting
    calibrate.o(.text.calibrate) refers to timer.o(.text.get_stepper1_count) for get_stepper1_count
    calibrate.o(.text.calibrate) refers to timer.o(.text.get_stepper1_goal) for get_stepper1_goal
    calibrate.o(.text.calibrate) refers to calibrate.o(.bss.z_distance) for z_distance
    calibrate.o(.text.calibrate) refers to calibrate.o(.bss.y_distance) for y_distance
    calibrate.o(.text.calibrate) refers to calibrate.o(.text.send_cal_values) for send_cal_values
    calibrate.o(.ARM.exidx.text.calibrate) refers to calibrate.o(.text.calibrate) for [Anonymous Symbol]
    calibrate.o(.text.send_cal_values) refers to calibrate.o(.text.get_y_distance) for get_y_distance
    calibrate.o(.text.send_cal_values) refers to calibrate.o(.text.get_z_distance) for get_z_distance
    calibrate.o(.text.send_cal_values) refers to uart.o(.text.USART2_write) for USART2_write
    calibrate.o(.ARM.exidx.text.send_cal_values) refers to calibrate.o(.text.send_cal_values) for [Anonymous Symbol]
    startup_stm32f10x_md.o(STACK) refers (Special) to heapauxi.o(.text) for __use_two_region_memory
    startup_stm32f10x_md.o(HEAP) refers (Special) to heapauxi.o(.text) for __use_two_region_memory
    startup_stm32f10x_md.o(RESET) refers (Special) to heapauxi.o(.text) for __use_two_region_memory
    startup_stm32f10x_md.o(RESET) refers to startup_stm32f10x_md.o(STACK) for __initial_sp
    startup_stm32f10x_md.o(RESET) refers to startup_stm32f10x_md.o(.text) for Reset_Handler
    startup_stm32f10x_md.o(RESET) refers to limit.o(.text.EXTI0_IRQHandler) for EXTI0_IRQHandler
    startup_stm32f10x_md.o(RESET) refers to limit.o(.text.EXTI1_IRQHandler) for EXTI1_IRQHandler
    startup_stm32f10x_md.o(RESET) refers to limit.o(.text.EXTI2_IRQHandler) for EXTI2_IRQHandler
    startup_stm32f10x_md.o(RESET) refers to limit.o(.text.EXTI3_IRQHandler) for EXTI3_IRQHandler
    startup_stm32f10x_md.o(RESET) refers to timer.o(.text.TIM2_IRQHandler) for TIM2_IRQHandler
    startup_stm32f10x_md.o(RESET) refers to timer.o(.text.TIM3_IRQHandler) for TIM3_IRQHandler
    startup_stm32f10x_md.o(RESET) refers to timer.o(.text.TIM4_IRQHandler) for TIM4_IRQHandler
    startup_stm32f10x_md.o(RESET) refers to uart.o(.text.USART2_IRQHandler) for USART2_IRQHandler
    startup_stm32f10x_md.o(.text) refers (Special) to heapauxi.o(.text) for __use_two_region_memory
    startup_stm32f10x_md.o(.text) refers to system_stm32f10x.o(.text.SystemInit) for SystemInit
    startup_stm32f10x_md.o(.text) refers to __main.o(!!!main) for __main
    startup_stm32f10x_md.o(.text) refers to startup_stm32f10x_md.o(HEAP) for Heap_Mem
    startup_stm32f10x_md.o(.text) refers to startup_stm32f10x_md.o(STACK) for Stack_Mem
    system_stm32f10x.o(.text.SystemInit) refers to system_stm32f10x.o(.text.SetSysClock) for SetSysClock
    system_stm32f10x.o(.ARM.exidx.text.SystemInit) refers to system_stm32f10x.o(.text.SystemInit) for [Anonymous Symbol]
    system_stm32f10x.o(.text.SetSysClock) refers to system_stm32f10x.o(.text.SetSysClockTo72) for SetSysClockTo72
    system_stm32f10x.o(.ARM.exidx.text.SetSysClock) refers to system_stm32f10x.o(.text.SetSysClock) for [Anonymous Symbol]
    system_stm32f10x.o(.text.SystemCoreClockUpdate) refers to system_stm32f10x.o(.data.SystemCoreClock) for SystemCoreClock
    system_stm32f10x.o(.text.SystemCoreClockUpdate) refers to system_stm32f10x.o(.rodata.AHBPrescTable) for AHBPrescTable
    system_stm32f10x.o(.ARM.exidx.text.SystemCoreClockUpdate) refers to system_stm32f10x.o(.text.SystemCoreClockUpdate) for [Anonymous Symbol]
    system_stm32f10x.o(.ARM.exidx.text.SetSysClockTo72) refers to system_stm32f10x.o(.text.SetSysClockTo72) for [Anonymous Symbol]
    __main.o(!!!main) refers to __rtentry.o(.ARM.Collect$$rtentry$$00000000) for __rt_entry
    __rtentry.o(.ARM.Collect$$rtentry$$00000000) refers (Special) to __rtentry2.o(.ARM.Collect$$rtentry$$0000000A) for __rt_entry_li
    __rtentry.o(.ARM.Collect$$rtentry$$00000000) refers (Special) to __rtentry2.o(.ARM.Collect$$rtentry$$0000000D) for __rt_entry_main
    __rtentry.o(.ARM.Collect$$rtentry$$00000000) refers (Special) to __rtentry2.o(.ARM.Collect$$rtentry$$0000000C) for __rt_entry_postli_1
    __rtentry.o(.ARM.Collect$$rtentry$$00000000) refers (Special) to __rtentry2.o(.ARM.Collect$$rtentry$$00000009) for __rt_entry_postsh_1
    __rtentry.o(.ARM.Collect$$rtentry$$00000000) refers (Special) to __rtentry2.o(.ARM.Collect$$rtentry$$00000002) for __rt_entry_presh_1
    __rtentry.o(.ARM.Collect$$rtentry$$00000000) refers (Special) to __rtentry4.o(.ARM.Collect$$rtentry$$00000004) for __rt_entry_sh
    __rtentry2.o(.ARM.Collect$$rtentry$$00000008) refers to boardinit2.o(.text) for _platform_post_stackheap_init
    __rtentry2.o(.ARM.Collect$$rtentry$$0000000A) refers to libinit.o(.ARM.Collect$$libinit$$00000000) for __rt_lib_init
    __rtentry2.o(.ARM.Collect$$rtentry$$0000000B) refers to boardinit3.o(.text) for _platform_post_lib_init
    __rtentry2.o(.ARM.Collect$$rtentry$$0000000D) refers to main.o(.text.main) for main
    __rtentry2.o(.ARM.Collect$$rtentry$$0000000D) refers to exit.o(.text) for exit
    __rtentry2.o(.ARM.exidx) refers to __rtentry2.o(.ARM.Collect$$rtentry$$00000001) for .ARM.Collect$$rtentry$$00000001
    __rtentry2.o(.ARM.exidx) refers to __rtentry2.o(.ARM.Collect$$rtentry$$00000008) for .ARM.Collect$$rtentry$$00000008
    __rtentry2.o(.ARM.exidx) refers to __rtentry2.o(.ARM.Collect$$rtentry$$0000000A) for .ARM.Collect$$rtentry$$0000000A
    __rtentry2.o(.ARM.exidx) refers to __rtentry2.o(.ARM.Collect$$rtentry$$0000000B) for .ARM.Collect$$rtentry$$0000000B
    __rtentry2.o(.ARM.exidx) refers to __rtentry2.o(.ARM.Collect$$rtentry$$0000000D) for .ARM.Collect$$rtentry$$0000000D
    __rtentry4.o(.ARM.Collect$$rtentry$$00000004) refers to sys_stackheap_outer.o(.text) for __user_setup_stackheap
    __rtentry4.o(.ARM.exidx) refers to __rtentry4.o(.ARM.Collect$$rtentry$$00000004) for .ARM.Collect$$rtentry$$00000004
    sys_stackheap_outer.o(.text) refers to libspace.o(.text) for __user_perproc_libspace
    sys_stackheap_outer.o(.text) refers to startup_stm32f10x_md.o(.text) for __user_initial_stackheap
    exit.o(.text) refers to rtexit.o(.ARM.Collect$$rtexit$$00000000) for __rt_exit
    libinit.o(.ARM.Collect$$libinit$$00000000) refers (Special) to libinit2.o(.ARM.Collect$$libinit$$00000030) for __rt_lib_init_alloca_1
    libinit.o(.ARM.Collect$$libinit$$00000000) refers (Special) to libinit2.o(.ARM.Collect$$libinit$$0000002E) for __rt_lib_init_argv_1
    libinit.o(.ARM.Collect$$libinit$$00000000) refers (Special) to libinit2.o(.ARM.Collect$$libinit$$0000001D) for __rt_lib_init_atexit_1
    libinit.o(.ARM.Collect$$libinit$$00000000) refers (Special) to libinit2.o(.ARM.Collect$$libinit$$00000023) for __rt_lib_init_clock_1
    libinit.o(.ARM.Collect$$libinit$$00000000) refers (Special) to libinit2.o(.ARM.Collect$$libinit$$00000034) for __rt_lib_init_cpp_1
    libinit.o(.ARM.Collect$$libinit$$00000000) refers (Special) to libinit2.o(.ARM.Collect$$libinit$$00000032) for __rt_lib_init_exceptions_1
    libinit.o(.ARM.Collect$$libinit$$00000000) refers (Special) to libinit2.o(.ARM.Collect$$libinit$$00000002) for __rt_lib_init_fp_1
    libinit.o(.ARM.Collect$$libinit$$00000000) refers (Special) to libinit2.o(.ARM.Collect$$libinit$$00000021) for __rt_lib_init_fp_trap_1
    libinit.o(.ARM.Collect$$libinit$$00000000) refers (Special) to libinit2.o(.ARM.Collect$$libinit$$00000025) for __rt_lib_init_getenv_1
    libinit.o(.ARM.Collect$$libinit$$00000000) refers (Special) to libinit2.o(.ARM.Collect$$libinit$$0000000C) for __rt_lib_init_heap_1
    libinit.o(.ARM.Collect$$libinit$$00000000) refers (Special) to libinit2.o(.ARM.Collect$$libinit$$00000013) for __rt_lib_init_lc_collate_1
    libinit.o(.ARM.Collect$$libinit$$00000000) refers (Special) to libinit2.o(.ARM.Collect$$libinit$$00000015) for __rt_lib_init_lc_ctype_1
    libinit.o(.ARM.Collect$$libinit$$00000000) refers (Special) to libinit2.o(.ARM.Collect$$libinit$$00000017) for __rt_lib_init_lc_monetary_1
    libinit.o(.ARM.Collect$$libinit$$00000000) refers (Special) to libinit2.o(.ARM.Collect$$libinit$$00000019) for __rt_lib_init_lc_numeric_1
    libinit.o(.ARM.Collect$$libinit$$00000000) refers (Special) to libinit2.o(.ARM.Collect$$libinit$$0000001B) for __rt_lib_init_lc_time_1
    libinit.o(.ARM.Collect$$libinit$$00000000) refers (Special) to libinit2.o(.ARM.Collect$$libinit$$00000006) for __rt_lib_init_preinit_1
    libinit.o(.ARM.Collect$$libinit$$00000000) refers (Special) to libinit2.o(.ARM.Collect$$libinit$$00000010) for __rt_lib_init_rand_1
    libinit.o(.ARM.Collect$$libinit$$00000000) refers (Special) to libinit2.o(.ARM.Collect$$libinit$$00000004) for __rt_lib_init_relocate_pie_1
    libinit.o(.ARM.Collect$$libinit$$00000000) refers (Special) to libinit2.o(.ARM.Collect$$libinit$$00000035) for __rt_lib_init_return
    libinit.o(.ARM.Collect$$libinit$$00000000) refers (Special) to libinit2.o(.ARM.Collect$$libinit$$0000001F) for __rt_lib_init_signal_1
    libinit.o(.ARM.Collect$$libinit$$00000000) refers (Special) to libinit2.o(.ARM.Collect$$libinit$$00000027) for __rt_lib_init_stdio_1
    libinit.o(.ARM.Collect$$libinit$$00000000) refers (Special) to libinit2.o(.ARM.Collect$$libinit$$0000000E) for __rt_lib_init_user_alloc_1
    libspace.o(.text) refers to libspace.o(.bss) for __libspace_start
    rtexit.o(.ARM.Collect$$rtexit$$00000000) refers (Special) to rtexit2.o(.ARM.Collect$$rtexit$$00000004) for __rt_exit_exit
    rtexit.o(.ARM.Collect$$rtexit$$00000000) refers (Special) to rtexit2.o(.ARM.Collect$$rtexit$$00000003) for __rt_exit_ls
    rtexit.o(.ARM.Collect$$rtexit$$00000000) refers (Special) to rtexit2.o(.ARM.Collect$$rtexit$$00000002) for __rt_exit_prels_1
    rtexit.o(.ARM.exidx) refers (Special) to rtexit2.o(.ARM.Collect$$rtexit$$00000004) for __rt_exit_exit
    rtexit.o(.ARM.exidx) refers (Special) to rtexit2.o(.ARM.Collect$$rtexit$$00000003) for __rt_exit_ls
    rtexit.o(.ARM.exidx) refers (Special) to rtexit2.o(.ARM.Collect$$rtexit$$00000002) for __rt_exit_prels_1
    rtexit.o(.ARM.exidx) refers to rtexit.o(.ARM.Collect$$rtexit$$00000000) for .ARM.Collect$$rtexit$$00000000
    libinit2.o(.ARM.Collect$$libinit$$00000012) refers to libinit2.o(.ARM.Collect$$libinit$$00000011) for .ARM.Collect$$libinit$$00000011
    libinit2.o(.ARM.Collect$$libinit$$00000014) refers to libinit2.o(.ARM.Collect$$libinit$$00000011) for .ARM.Collect$$libinit$$00000011
    libinit2.o(.ARM.Collect$$libinit$$00000016) refers to libinit2.o(.ARM.Collect$$libinit$$00000011) for .ARM.Collect$$libinit$$00000011
    libinit2.o(.ARM.Collect$$libinit$$00000018) refers to libinit2.o(.ARM.Collect$$libinit$$00000011) for .ARM.Collect$$libinit$$00000011
    libinit2.o(.ARM.Collect$$libinit$$0000001A) refers to libinit2.o(.ARM.Collect$$libinit$$00000011) for .ARM.Collect$$libinit$$00000011
    libinit2.o(.ARM.Collect$$libinit$$00000028) refers to argv_veneer.o(.emb_text) for __ARM_argv_veneer
    libinit2.o(.ARM.Collect$$libinit$$00000029) refers to argv_veneer.o(.emb_text) for __ARM_argv_veneer
    rtexit2.o(.ARM.Collect$$rtexit$$00000003) refers to libshutdown.o(.ARM.Collect$$libshutdown$$00000000) for __rt_lib_shutdown
    rtexit2.o(.ARM.Collect$$rtexit$$00000004) refers to sys_exit.o(.text) for _sys_exit
    rtexit2.o(.ARM.exidx) refers to rtexit2.o(.ARM.Collect$$rtexit$$00000001) for .ARM.Collect$$rtexit$$00000001
    rtexit2.o(.ARM.exidx) refers to rtexit2.o(.ARM.Collect$$rtexit$$00000003) for .ARM.Collect$$rtexit$$00000003
    rtexit2.o(.ARM.exidx) refers to rtexit2.o(.ARM.Collect$$rtexit$$00000004) for .ARM.Collect$$rtexit$$00000004
    argv_veneer.o(.emb_text) refers to no_argv.o(.text) for __ARM_get_argv
    sys_exit.o(.text) refers (Special) to use_no_semi.o(.text) for __I$use$semihosting
    sys_exit.o(.text) refers (Special) to indicate_semi.o(.text) for __semihosting_library_function
    sys_exit_hlt.o(.text) refers (Special) to use_no_semi.o(.text) for __I$use$semihosting
    sys_exit_hlt.o(.text) refers (Special) to indicate_semi.o(.text) for __semihosting_library_function
    _get_argv_nomalloc.o(.text) refers (Special) to hrguard.o(.text) for __heap_region$guard
    _get_argv_nomalloc.o(.text) refers to defsig_rtmem_outer.o(.text) for __rt_SIGRTMEM
    _get_argv_nomalloc.o(.text) refers to sys_command.o(.text) for _sys_command_string
    libshutdown.o(.ARM.Collect$$libshutdown$$00000000) refers (Special) to libshutdown2.o(.ARM.Collect$$libshutdown$$00000002) for __rt_lib_shutdown_cpp_1
    libshutdown.o(.ARM.Collect$$libshutdown$$00000000) refers (Special) to libshutdown2.o(.ARM.Collect$$libshutdown$$00000007) for __rt_lib_shutdown_fp_trap_1
    libshutdown.o(.ARM.Collect$$libshutdown$$00000000) refers (Special) to libshutdown2.o(.ARM.Collect$$libshutdown$$0000000F) for __rt_lib_shutdown_heap_1
    libshutdown.o(.ARM.Collect$$libshutdown$$00000000) refers (Special) to libshutdown2.o(.ARM.Collect$$libshutdown$$00000010) for __rt_lib_shutdown_return
    libshutdown.o(.ARM.Collect$$libshutdown$$00000000) refers (Special) to libshutdown2.o(.ARM.Collect$$libshutdown$$0000000A) for __rt_lib_shutdown_signal_1
    libshutdown.o(.ARM.Collect$$libshutdown$$00000000) refers (Special) to libshutdown2.o(.ARM.Collect$$libshutdown$$00000004) for __rt_lib_shutdown_stdio_1
    libshutdown.o(.ARM.Collect$$libshutdown$$00000000) refers (Special) to libshutdown2.o(.ARM.Collect$$libshutdown$$0000000C) for __rt_lib_shutdown_user_alloc_1
    sys_command.o(.text) refers (Special) to use_no_semi.o(.text) for __I$use$semihosting
    sys_command.o(.text) refers (Special) to indicate_semi.o(.text) for __semihosting_library_function
    sys_command_hlt.o(.text) refers (Special) to use_no_semi.o(.text) for __I$use$semihosting
    sys_command_hlt.o(.text) refers (Special) to indicate_semi.o(.text) for __semihosting_library_function
    defsig_rtmem_outer.o(.text) refers to defsig_rtmem_inner.o(.text) for __rt_SIGRTMEM_inner
    defsig_rtmem_outer.o(.text) refers to defsig_exit.o(.text) for __sig_exit
    defsig_rtmem_formal.o(.text) refers to rt_raise.o(.text) for __rt_raise
    rt_raise.o(.text) refers to __raise.o(.text) for __raise
    rt_raise.o(.text) refers to sys_exit.o(.text) for _sys_exit
    defsig_exit.o(.text) refers to sys_exit.o(.text) for _sys_exit
    defsig_rtmem_inner.o(.text) refers to defsig_general.o(.text) for __default_signal_display
    __raise.o(.text) refers to defsig.o(CL$$defsig) for __default_signal_handler
    defsig_general.o(.text) refers to sys_wrch.o(.text) for _ttywrch
    sys_wrch.o(.text) refers (Special) to use_no_semi.o(.text) for __I$use$semihosting
    sys_wrch.o(.text) refers (Special) to indicate_semi.o(.text) for __semihosting_library_function
    sys_wrch_hlt.o(.text) refers (Special) to use_no_semi.o(.text) for __I$use$semihosting
    sys_wrch_hlt.o(.text) refers (Special) to indicate_semi.o(.text) for __semihosting_library_function
    defsig.o(CL$$defsig) refers to defsig_rtmem_inner.o(.text) for __rt_SIGRTMEM_inner
    defsig_abrt_inner.o(.text) refers to defsig_general.o(.text) for __default_signal_display
    defsig_fpe_inner.o(.text) refers to defsig_general.o(.text) for __default_signal_display
    defsig_rtred_inner.o(.text) refers to defsig_general.o(.text) for __default_signal_display
    defsig_stak_inner.o(.text) refers to defsig_general.o(.text) for __default_signal_display
    defsig_pvfn_inner.o(.text) refers to defsig_general.o(.text) for __default_signal_display
    defsig_cppl_inner.o(.text) refers to defsig_general.o(.text) for __default_signal_display
    defsig_segv_inner.o(.text) refers to defsig_general.o(.text) for __default_signal_display
    defsig_other.o(.text) refers to defsig_general.o(.text) for __default_signal_display


==============================================================================

Removing Unused input sections from the image.

    Removing main.o(.text), (0 bytes).
    Removing main.o(.ARM.exidx.text.main), (8 bytes).
    Removing main.o(.ARM.use_no_argv), (4 bytes).
    Removing uart.o(.text), (0 bytes).
    Removing uart.o(.ARM.exidx.text.get_rx_buffer), (8 bytes).
    Removing uart.o(.ARM.exidx.text.get_packet_ready), (8 bytes).
    Removing uart.o(.ARM.exidx.text.set_packet_ready), (8 bytes).
    Removing uart.o(.ARM.exidx.text.USART2_write), (8 bytes).
    Removing uart.o(.ARM.exidx.text.USART2_init), (8 bytes).
    Removing uart.o(.ARM.exidx.text.__NVIC_EnableIRQ), (8 bytes).
    Removing uart.o(.ARM.exidx.text.USART2_send_ack), (8 bytes).
    Removing uart.o(.ARM.exidx.text.USART2_send_nack), (8 bytes).
    Removing uart.o(.ARM.exidx.text.USART2_IRQHandler), (8 bytes).
    Removing gpio.o(.text), (0 bytes).
    Removing gpio.o(.ARM.exidx.text.GPIO_init_output), (8 bytes).
    Removing gpio.o(.text.GPIO_init_pud_input), (248 bytes).
    Removing gpio.o(.ARM.exidx.text.GPIO_init_pud_input), (8 bytes).
    Removing gpio.o(.text.GPIO_read_IDR), (26 bytes).
    Removing gpio.o(.ARM.exidx.text.GPIO_read_IDR), (8 bytes).
    Removing gpio.o(.ARM.exidx.text.GPIO_set), (8 bytes).
    Removing gpio.o(.ARM.exidx.text.GPIO_clear), (8 bytes).
    Removing timer.o(.text), (0 bytes).
    Removing timer.o(.ARM.exidx.text.get_stepper1_count), (8 bytes).
    Removing timer.o(.ARM.exidx.text.get_stepper2_count), (8 bytes).
    Removing timer.o(.ARM.exidx.text.get_stepper1_goal), (8 bytes).
    Removing timer.o(.ARM.exidx.text.get_stepper2_goal), (8 bytes).
    Removing timer.o(.ARM.exidx.text.set_stepper1_goal), (8 bytes).
    Removing timer.o(.ARM.exidx.text.set_stepper2_goal), (8 bytes).
    Removing timer.o(.ARM.exidx.text.stepper1_start_counting), (8 bytes).
    Removing timer.o(.ARM.exidx.text.stepper2_start_counting), (8 bytes).
    Removing timer.o(.ARM.exidx.text.stepper1_stop_counting), (8 bytes).
    Removing timer.o(.ARM.exidx.text.stepper2_stop_counting), (8 bytes).
    Removing timer.o(.ARM.exidx.text.TIM2_init_step_freq), (8 bytes).
    Removing timer.o(.ARM.exidx.text.__NVIC_EnableIRQ), (8 bytes).
    Removing timer.o(.ARM.exidx.text.TIM3_init_pulse_width), (8 bytes).
    Removing timer.o(.ARM.exidx.text.TIM4_init_step_freq), (8 bytes).
    Removing timer.o(.text.TIM_set_psc), (20 bytes).
    Removing timer.o(.ARM.exidx.text.TIM_set_psc), (8 bytes).
    Removing timer.o(.ARM.exidx.text.TIM_set_arr), (8 bytes).
    Removing timer.o(.ARM.exidx.text.TIM1_init_servo), (8 bytes).
    Removing timer.o(.ARM.exidx.text.TIM1_set_CCRx), (8 bytes).
    Removing timer.o(.ARM.exidx.text.TIM2_IRQHandler), (8 bytes).
    Removing timer.o(.ARM.exidx.text.TIM3_IRQHandler), (8 bytes).
    Removing timer.o(.ARM.exidx.text.TIM4_IRQHandler), (8 bytes).
    Removing timer.o(.bss.dbg_psc), (4 bytes).
    Removing stepper.o(.text), (0 bytes).
    Removing stepper.o(.ARM.exidx.text.pulse_width_init), (8 bytes).
    Removing stepper.o(.ARM.exidx.text.stepper1_init), (8 bytes).
    Removing stepper.o(.ARM.exidx.text.stepper2_init), (8 bytes).
    Removing stepper.o(.ARM.exidx.text.set_stepper1_step_freq), (8 bytes).
    Removing stepper.o(.ARM.exidx.text.set_stepper2_step_freq), (8 bytes).
    Removing stepper.o(.ARM.exidx.text.drive_stepper1), (8 bytes).
    Removing stepper.o(.ARM.exidx.text.drive_stepper2), (8 bytes).
    Removing stepper.o(.ARM.exidx.text.set_stepper1_dir), (8 bytes).
    Removing stepper.o(.ARM.exidx.text.set_stepper2_dir), (8 bytes).
    Removing stepper.o(.ARM.exidx.text.stop_stepper1), (8 bytes).
    Removing stepper.o(.ARM.exidx.text.stop_stepper2), (8 bytes).
    Removing servo.o(.text), (0 bytes).
    Removing servo.o(.ARM.exidx.text.servo1_init), (8 bytes).
    Removing servo.o(.text.servo2_init), (8 bytes).
    Removing servo.o(.ARM.exidx.text.servo2_init), (8 bytes).
    Removing servo.o(.ARM.exidx.text.set_servo1_angle), (8 bytes).
    Removing servo.o(.ARM.exidx.text.set_servo2_angle), (8 bytes).
    Removing limit.o(.text), (0 bytes).
    Removing limit.o(.ARM.exidx.text.limit_init), (8 bytes).
    Removing limit.o(.ARM.exidx.text.__NVIC_EnableIRQ), (8 bytes).
    Removing limit.o(.ARM.exidx.text.EXTI0_IRQHandler), (8 bytes).
    Removing limit.o(.ARM.exidx.text.EXTI1_IRQHandler), (8 bytes).
    Removing limit.o(.ARM.exidx.text.EXTI2_IRQHandler), (8 bytes).
    Removing limit.o(.ARM.exidx.text.EXTI3_IRQHandler), (8 bytes).
    Removing safety.o(.text), (0 bytes).
    Removing system.o(.text), (0 bytes).
    Removing system.o(.ARM.exidx.text.set_system_state), (8 bytes).
    Removing system.o(.ARM.exidx.text.get_system_state), (8 bytes).
    Removing calibrate.o(.text), (0 bytes).
    Removing calibrate.o(.ARM.exidx.text.get_calibration_state), (8 bytes).
    Removing calibrate.o(.ARM.exidx.text.set_y_distance), (8 bytes).
    Removing calibrate.o(.ARM.exidx.text.set_z_distance), (8 bytes).
    Removing calibrate.o(.ARM.exidx.text.get_y_distance), (8 bytes).
    Removing calibrate.o(.ARM.exidx.text.get_z_distance), (8 bytes).
    Removing calibrate.o(.ARM.exidx.text.set_calibration_state), (8 bytes).
    Removing calibrate.o(.ARM.exidx.text.calibrate), (8 bytes).
    Removing calibrate.o(.ARM.exidx.text.send_cal_values), (8 bytes).
    Removing system_stm32f10x.o(.text), (0 bytes).
    Removing system_stm32f10x.o(.ARM.exidx.text.SystemInit), (8 bytes).
    Removing system_stm32f10x.o(.ARM.exidx.text.SetSysClock), (8 bytes).
    Removing system_stm32f10x.o(.text.SystemCoreClockUpdate), (290 bytes).
    Removing system_stm32f10x.o(.ARM.exidx.text.SystemCoreClockUpdate), (8 bytes).
    Removing system_stm32f10x.o(.ARM.exidx.text.SetSysClockTo72), (8 bytes).
    Removing system_stm32f10x.o(.data.SystemCoreClock), (4 bytes).
    Removing system_stm32f10x.o(.rodata.AHBPrescTable), (16 bytes).

91 unused section(s) (total 1188 bytes) removed from the image.

==============================================================================

Image Symbol Table

    Local Symbols

    Symbol Name                              Value     Ov Type        Size  Object(Section)

    ../clib/angel/boardlib.s                 0x00000000   Number         0  boardinit1.o ABSOLUTE
    ../clib/angel/boardlib.s                 0x00000000   Number         0  boardinit2.o ABSOLUTE
    ../clib/angel/boardlib.s                 0x00000000   Number         0  boardinit3.o ABSOLUTE
    ../clib/angel/boardlib.s                 0x00000000   Number         0  boardshut.o ABSOLUTE
    ../clib/angel/handlers.s                 0x00000000   Number         0  __scatter_zi.o ABSOLUTE
    ../clib/angel/kernel.s                   0x00000000   Number         0  __rtentry.o ABSOLUTE
    ../clib/angel/kernel.s                   0x00000000   Number         0  __rtentry2.o ABSOLUTE
    ../clib/angel/kernel.s                   0x00000000   Number         0  __rtentry4.o ABSOLUTE
    ../clib/angel/kernel.s                   0x00000000   Number         0  rtexit.o ABSOLUTE
    ../clib/angel/kernel.s                   0x00000000   Number         0  rtexit2.o ABSOLUTE
    ../clib/angel/rt.s                       0x00000000   Number         0  rt_raise.o ABSOLUTE
    ../clib/angel/scatter.s                  0x00000000   Number         0  __scatter.o ABSOLUTE
    ../clib/angel/startup.s                  0x00000000   Number         0  __main.o ABSOLUTE
    ../clib/angel/sys.s                      0x00000000   Number         0  sys_stackheap_outer.o ABSOLUTE
    ../clib/angel/sys.s                      0x00000000   Number         0  libspace.o ABSOLUTE
    ../clib/angel/sys.s                      0x00000000   Number         0  use_no_semi.o ABSOLUTE
    ../clib/angel/sys.s                      0x00000000   Number         0  indicate_semi.o ABSOLUTE
    ../clib/angel/sysapp.c                   0x00000000   Number         0  sys_exit.o ABSOLUTE
    ../clib/angel/sysapp.c                   0x00000000   Number         0  sys_exit_hlt.o ABSOLUTE
    ../clib/angel/sysapp.c                   0x00000000   Number         0  sys_command.o ABSOLUTE
    ../clib/angel/sysapp.c                   0x00000000   Number         0  sys_command_hlt.o ABSOLUTE
    ../clib/angel/sysapp.c                   0x00000000   Number         0  sys_wrch.o ABSOLUTE
    ../clib/angel/sysapp.c                   0x00000000   Number         0  sys_wrch_hlt.o ABSOLUTE
    ../clib/armsys.c                         0x00000000   Number         0  argv_veneer.o ABSOLUTE
    ../clib/armsys.c                         0x00000000   Number         0  argv_veneer.o ABSOLUTE
    ../clib/armsys.c                         0x00000000   Number         0  _get_argv_nomalloc.o ABSOLUTE
    ../clib/armsys.c                         0x00000000   Number         0  no_argv.o ABSOLUTE
    ../clib/heapalloc.c                      0x00000000   Number         0  hrguard.o ABSOLUTE
    ../clib/heapaux.c                        0x00000000   Number         0  heapauxi.o ABSOLUTE
    ../clib/libinit.s                        0x00000000   Number         0  libinit.o ABSOLUTE
    ../clib/libinit.s                        0x00000000   Number         0  libinit2.o ABSOLUTE
    ../clib/libinit.s                        0x00000000   Number         0  libshutdown.o ABSOLUTE
    ../clib/libinit.s                        0x00000000   Number         0  libshutdown2.o ABSOLUTE
    ../clib/signal.c                         0x00000000   Number         0  defsig_rtmem_outer.o ABSOLUTE
    ../clib/signal.c                         0x00000000   Number         0  defsig_rtmem_formal.o ABSOLUTE
    ../clib/signal.c                         0x00000000   Number         0  defsig_exit.o ABSOLUTE
    ../clib/signal.c                         0x00000000   Number         0  defsig_rtmem_inner.o ABSOLUTE
    ../clib/signal.c                         0x00000000   Number         0  __raise.o ABSOLUTE
    ../clib/signal.c                         0x00000000   Number         0  defsig_general.o ABSOLUTE
    ../clib/signal.c                         0x00000000   Number         0  defsig_abrt_inner.o ABSOLUTE
    ../clib/signal.c                         0x00000000   Number         0  defsig_fpe_inner.o ABSOLUTE
    ../clib/signal.c                         0x00000000   Number         0  defsig_rtred_inner.o ABSOLUTE
    ../clib/signal.c                         0x00000000   Number         0  defsig_stak_inner.o ABSOLUTE
    ../clib/signal.c                         0x00000000   Number         0  defsig_pvfn_inner.o ABSOLUTE
    ../clib/signal.c                         0x00000000   Number         0  defsig_cppl_inner.o ABSOLUTE
    ../clib/signal.c                         0x00000000   Number         0  defsig_segv_inner.o ABSOLUTE
    ../clib/signal.c                         0x00000000   Number         0  defsig_other.o ABSOLUTE
    ../clib/signal.s                         0x00000000   Number         0  defsig.o ABSOLUTE
    ../clib/stdlib.c                         0x00000000   Number         0  exit.o ABSOLUTE
    ../fplib/fpinit.s                        0x00000000   Number         0  fpinit.o ABSOLUTE
    ../fplib/fpinit_empty.s                  0x00000000   Number         0  fpinit_empty.o ABSOLUTE
    RTE/Device/STM32F103RB/startup_stm32f10x_md.s 0x00000000   Number         0  startup_stm32f10x_md.o ABSOLUTE
    calibrate.c                              0x00000000   Number         0  calibrate.o ABSOLUTE
    dc.s                                     0x00000000   Number         0  dc.o ABSOLUTE
    gpio.c                                   0x00000000   Number         0  gpio.o ABSOLUTE
    limit.c                                  0x00000000   Number         0  limit.o ABSOLUTE
    main.c                                   0x00000000   Number         0  main.o ABSOLUTE
    safety.c                                 0x00000000   Number         0  safety.o ABSOLUTE
    servo.c                                  0x00000000   Number         0  servo.o ABSOLUTE
    stepper.c                                0x00000000   Number         0  stepper.o ABSOLUTE
    system.c                                 0x00000000   Number         0  system.o ABSOLUTE
    system_stm32f10x.c                       0x00000000   Number         0  system_stm32f10x.o ABSOLUTE
    timer.c                                  0x00000000   Number         0  timer.o ABSOLUTE
    uart.c                                   0x00000000   Number         0  uart.o ABSOLUTE
    RESET                                    0x08000000   Section      236  startup_stm32f10x_md.o(RESET)
    !!!main                                  0x080000ec   Section        8  __main.o(!!!main)
    !!!scatter                               0x080000f4   Section       92  __scatter.o(!!!scatter)
    !!handler_null                           0x08000150   Section        2  __scatter.o(!!handler_null)
    !!handler_zi                             0x08000154   Section       28  __scatter_zi.o(!!handler_zi)
    .ARM.Collect$$libinit$$00000000          0x08000170   Section        2  libinit.o(.ARM.Collect$$libinit$$00000000)
    .ARM.Collect$$libinit$$00000002          0x08000172   Section        0  libinit2.o(.ARM.Collect$$libinit$$00000002)
    .ARM.Collect$$libinit$$00000004          0x08000172   Section        0  libinit2.o(.ARM.Collect$$libinit$$00000004)
    .ARM.Collect$$libinit$$00000006          0x08000172   Section        0  libinit2.o(.ARM.Collect$$libinit$$00000006)
    .ARM.Collect$$libinit$$0000000C          0x08000172   Section        0  libinit2.o(.ARM.Collect$$libinit$$0000000C)
    .ARM.Collect$$libinit$$0000000E          0x08000172   Section        0  libinit2.o(.ARM.Collect$$libinit$$0000000E)
    .ARM.Collect$$libinit$$00000010          0x08000172   Section        0  libinit2.o(.ARM.Collect$$libinit$$00000010)
    .ARM.Collect$$libinit$$00000013          0x08000172   Section        0  libinit2.o(.ARM.Collect$$libinit$$00000013)
    .ARM.Collect$$libinit$$00000015          0x08000172   Section        0  libinit2.o(.ARM.Collect$$libinit$$00000015)
    .ARM.Collect$$libinit$$00000017          0x08000172   Section        0  libinit2.o(.ARM.Collect$$libinit$$00000017)
    .ARM.Collect$$libinit$$00000019          0x08000172   Section        0  libinit2.o(.ARM.Collect$$libinit$$00000019)
    .ARM.Collect$$libinit$$0000001B          0x08000172   Section        0  libinit2.o(.ARM.Collect$$libinit$$0000001B)
    .ARM.Collect$$libinit$$0000001D          0x08000172   Section        0  libinit2.o(.ARM.Collect$$libinit$$0000001D)
    .ARM.Collect$$libinit$$0000001F          0x08000172   Section        0  libinit2.o(.ARM.Collect$$libinit$$0000001F)
    .ARM.Collect$$libinit$$00000021          0x08000172   Section        0  libinit2.o(.ARM.Collect$$libinit$$00000021)
    .ARM.Collect$$libinit$$00000023          0x08000172   Section        0  libinit2.o(.ARM.Collect$$libinit$$00000023)
    .ARM.Collect$$libinit$$00000025          0x08000172   Section        0  libinit2.o(.ARM.Collect$$libinit$$00000025)
    .ARM.Collect$$libinit$$00000027          0x08000172   Section        0  libinit2.o(.ARM.Collect$$libinit$$00000027)
    .ARM.Collect$$libinit$$0000002E          0x08000172   Section        0  libinit2.o(.ARM.Collect$$libinit$$0000002E)
    .ARM.Collect$$libinit$$00000030          0x08000172   Section        0  libinit2.o(.ARM.Collect$$libinit$$00000030)
    .ARM.Collect$$libinit$$00000032          0x08000172   Section        0  libinit2.o(.ARM.Collect$$libinit$$00000032)
    .ARM.Collect$$libinit$$00000034          0x08000172   Section        0  libinit2.o(.ARM.Collect$$libinit$$00000034)
    .ARM.Collect$$libinit$$00000035          0x08000172   Section        2  libinit2.o(.ARM.Collect$$libinit$$00000035)
    .ARM.Collect$$libshutdown$$00000000      0x08000174   Section        2  libshutdown.o(.ARM.Collect$$libshutdown$$00000000)
    .ARM.Collect$$libshutdown$$00000002      0x08000176   Section        0  libshutdown2.o(.ARM.Collect$$libshutdown$$00000002)
    .ARM.Collect$$libshutdown$$00000004      0x08000176   Section        0  libshutdown2.o(.ARM.Collect$$libshutdown$$00000004)
    .ARM.Collect$$libshutdown$$00000007      0x08000176   Section        0  libshutdown2.o(.ARM.Collect$$libshutdown$$00000007)
    .ARM.Collect$$libshutdown$$0000000A      0x08000176   Section        0  libshutdown2.o(.ARM.Collect$$libshutdown$$0000000A)
    .ARM.Collect$$libshutdown$$0000000C      0x08000176   Section        0  libshutdown2.o(.ARM.Collect$$libshutdown$$0000000C)
    .ARM.Collect$$libshutdown$$0000000F      0x08000176   Section        0  libshutdown2.o(.ARM.Collect$$libshutdown$$0000000F)
    .ARM.Collect$$libshutdown$$00000010      0x08000176   Section        2  libshutdown2.o(.ARM.Collect$$libshutdown$$00000010)
    .ARM.Collect$$rtentry$$00000000          0x08000178   Section        0  __rtentry.o(.ARM.Collect$$rtentry$$00000000)
    .ARM.Collect$$rtentry$$00000002          0x08000178   Section        0  __rtentry2.o(.ARM.Collect$$rtentry$$00000002)
    .ARM.Collect$$rtentry$$00000004          0x08000178   Section        6  __rtentry4.o(.ARM.Collect$$rtentry$$00000004)
    .ARM.Collect$$rtentry$$00000009          0x0800017e   Section        0  __rtentry2.o(.ARM.Collect$$rtentry$$00000009)
    .ARM.Collect$$rtentry$$0000000A          0x0800017e   Section        4  __rtentry2.o(.ARM.Collect$$rtentry$$0000000A)
    .ARM.Collect$$rtentry$$0000000C          0x08000182   Section        0  __rtentry2.o(.ARM.Collect$$rtentry$$0000000C)
    .ARM.Collect$$rtentry$$0000000D          0x08000182   Section        8  __rtentry2.o(.ARM.Collect$$rtentry$$0000000D)
    .ARM.Collect$$rtexit$$00000000           0x0800018a   Section        2  rtexit.o(.ARM.Collect$$rtexit$$00000000)
    .ARM.Collect$$rtexit$$00000002           0x0800018c   Section        0  rtexit2.o(.ARM.Collect$$rtexit$$00000002)
    .ARM.Collect$$rtexit$$00000003           0x0800018c   Section        4  rtexit2.o(.ARM.Collect$$rtexit$$00000003)
    .ARM.Collect$$rtexit$$00000004           0x08000190   Section        6  rtexit2.o(.ARM.Collect$$rtexit$$00000004)
    .text                                    0x08000198   Section       64  startup_stm32f10x_md.o(.text)
    .text                                    0x080001d8   Section        0  heapauxi.o(.text)
    .text                                    0x080001de   Section       74  sys_stackheap_outer.o(.text)
    .text                                    0x08000228   Section        0  exit.o(.text)
    .text                                    0x0800023c   Section        8  libspace.o(.text)
    .text                                    0x08000244   Section        0  sys_exit.o(.text)
    .text                                    0x08000250   Section        2  use_no_semi.o(.text)
    .text                                    0x08000252   Section        0  indicate_semi.o(.text)
    [Anonymous Symbol]                       0x08000254   Section        0  limit.o(.text.EXTI0_IRQHandler)
    [Anonymous Symbol]                       0x080002d8   Section        0  limit.o(.text.EXTI1_IRQHandler)
    [Anonymous Symbol]                       0x0800036c   Section        0  limit.o(.text.EXTI2_IRQHandler)
    [Anonymous Symbol]                       0x080003f4   Section        0  limit.o(.text.EXTI3_IRQHandler)
    [Anonymous Symbol]                       0x08000488   Section        0  gpio.o(.text.GPIO_clear)
    [Anonymous Symbol]                       0x080004ac   Section        0  gpio.o(.text.GPIO_init_output)
    [Anonymous Symbol]                       0x08000594   Section        0  gpio.o(.text.GPIO_set)
    SetSysClock                              0x080005b5   Thumb Code     8  system_stm32f10x.o(.text.SetSysClock)
    [Anonymous Symbol]                       0x080005b4   Section        0  system_stm32f10x.o(.text.SetSysClock)
    SetSysClockTo72                          0x080005bd   Thumb Code   290  system_stm32f10x.o(.text.SetSysClockTo72)
    [Anonymous Symbol]                       0x080005bc   Section        0  system_stm32f10x.o(.text.SetSysClockTo72)
    [Anonymous Symbol]                       0x080006e0   Section        0  system_stm32f10x.o(.text.SystemInit)
    [Anonymous Symbol]                       0x08000748   Section        0  timer.o(.text.TIM1_init_servo)
    [Anonymous Symbol]                       0x08000830   Section        0  timer.o(.text.TIM1_set_CCRx)
    [Anonymous Symbol]                       0x08000870   Section        0  timer.o(.text.TIM2_IRQHandler)
    [Anonymous Symbol]                       0x08000928   Section        0  timer.o(.text.TIM2_init_step_freq)
    [Anonymous Symbol]                       0x08000980   Section        0  timer.o(.text.TIM3_IRQHandler)
    [Anonymous Symbol]                       0x08000a0c   Section        0  timer.o(.text.TIM3_init_pulse_width)
    [Anonymous Symbol]                       0x08000a68   Section        0  timer.o(.text.TIM4_IRQHandler)
    [Anonymous Symbol]                       0x08000b24   Section        0  timer.o(.text.TIM4_init_step_freq)
    [Anonymous Symbol]                       0x08000b84   Section        0  timer.o(.text.TIM_set_arr)
    [Anonymous Symbol]                       0x08000b98   Section        0  uart.o(.text.USART2_IRQHandler)
    [Anonymous Symbol]                       0x08000dd4   Section        0  uart.o(.text.USART2_init)
    [Anonymous Symbol]                       0x08000e88   Section        0  uart.o(.text.USART2_send_ack)
    [Anonymous Symbol]                       0x08000e94   Section        0  uart.o(.text.USART2_send_nack)
    [Anonymous Symbol]                       0x08000ea0   Section        0  uart.o(.text.USART2_write)
    __NVIC_EnableIRQ                         0x08000ed1   Thumb Code    48  uart.o(.text.__NVIC_EnableIRQ)
    [Anonymous Symbol]                       0x08000ed0   Section        0  uart.o(.text.__NVIC_EnableIRQ)
    __NVIC_EnableIRQ                         0x08000f01   Thumb Code    48  timer.o(.text.__NVIC_EnableIRQ)
    [Anonymous Symbol]                       0x08000f00   Section        0  timer.o(.text.__NVIC_EnableIRQ)
    __NVIC_EnableIRQ                         0x08000f31   Thumb Code    48  limit.o(.text.__NVIC_EnableIRQ)
    [Anonymous Symbol]                       0x08000f30   Section        0  limit.o(.text.__NVIC_EnableIRQ)
    [Anonymous Symbol]                       0x08000f60   Section        0  calibrate.o(.text.calibrate)
    [Anonymous Symbol]                       0x080011a8   Section        0  stepper.o(.text.drive_stepper1)
    [Anonymous Symbol]                       0x080011bc   Section        0  stepper.o(.text.drive_stepper2)
    [Anonymous Symbol]                       0x080011d0   Section        0  calibrate.o(.text.get_calibration_state)
    [Anonymous Symbol]                       0x080011dc   Section        0  uart.o(.text.get_packet_ready)
    [Anonymous Symbol]                       0x080011e8   Section        0  uart.o(.text.get_rx_buffer)
    [Anonymous Symbol]                       0x080011f4   Section        0  timer.o(.text.get_stepper1_count)
    [Anonymous Symbol]                       0x08001200   Section        0  timer.o(.text.get_stepper1_goal)
    [Anonymous Symbol]                       0x0800120c   Section        0  timer.o(.text.get_stepper2_count)
    [Anonymous Symbol]                       0x08001218   Section        0  timer.o(.text.get_stepper2_goal)
    [Anonymous Symbol]                       0x08001224   Section        0  system.o(.text.get_system_state)
    [Anonymous Symbol]                       0x08001230   Section        0  calibrate.o(.text.get_y_distance)
    [Anonymous Symbol]                       0x0800123c   Section        0  calibrate.o(.text.get_z_distance)
    [Anonymous Symbol]                       0x08001248   Section        0  limit.o(.text.limit_init)
    [Anonymous Symbol]                       0x08001340   Section        0  main.o(.text.main)
    [Anonymous Symbol]                       0x08001550   Section        0  stepper.o(.text.pulse_width_init)
    [Anonymous Symbol]                       0x08001558   Section        0  calibrate.o(.text.send_cal_values)
    [Anonymous Symbol]                       0x080015c4   Section        0  servo.o(.text.servo1_init)
    [Anonymous Symbol]                       0x080015cc   Section        0  calibrate.o(.text.set_calibration_state)
    [Anonymous Symbol]                       0x080015e4   Section        0  uart.o(.text.set_packet_ready)
    [Anonymous Symbol]                       0x080015fc   Section        0  servo.o(.text.set_servo1_angle)
    [Anonymous Symbol]                       0x08001630   Section        0  servo.o(.text.set_servo2_angle)
    [Anonymous Symbol]                       0x08001664   Section        0  stepper.o(.text.set_stepper1_dir)
    [Anonymous Symbol]                       0x080016a4   Section        0  timer.o(.text.set_stepper1_goal)
    [Anonymous Symbol]                       0x080016b8   Section        0  stepper.o(.text.set_stepper1_step_freq)
    [Anonymous Symbol]                       0x080016f4   Section        0  stepper.o(.text.set_stepper2_dir)
    [Anonymous Symbol]                       0x08001734   Section        0  timer.o(.text.set_stepper2_goal)
    [Anonymous Symbol]                       0x08001748   Section        0  stepper.o(.text.set_stepper2_step_freq)
    [Anonymous Symbol]                       0x08001788   Section        0  system.o(.text.set_system_state)
    [Anonymous Symbol]                       0x080017a0   Section        0  calibrate.o(.text.set_y_distance)
    [Anonymous Symbol]                       0x080017b4   Section        0  calibrate.o(.text.set_z_distance)
    [Anonymous Symbol]                       0x080017c8   Section        0  stepper.o(.text.stepper1_init)
    [Anonymous Symbol]                       0x080017fc   Section        0  timer.o(.text.stepper1_start_counting)
    [Anonymous Symbol]                       0x08001818   Section        0  timer.o(.text.stepper1_stop_counting)
    [Anonymous Symbol]                       0x08001828   Section        0  stepper.o(.text.stepper2_init)
    [Anonymous Symbol]                       0x0800185c   Section        0  timer.o(.text.stepper2_start_counting)
    [Anonymous Symbol]                       0x0800187c   Section        0  timer.o(.text.stepper2_stop_counting)
    [Anonymous Symbol]                       0x08001890   Section        0  stepper.o(.text.stop_stepper1)
    [Anonymous Symbol]                       0x08001898   Section        0  stepper.o(.text.stop_stepper2)
    .bss                                     0x20000000   Section       96  libspace.o(.bss)
    calc_chk                                 0x20000060   Data           1  uart.o(.bss.calc_chk)
    [Anonymous Symbol]                       0x20000060   Section        0  uart.o(.bss.calc_chk)
    calibration_state                        0x20000061   Data           1  calibrate.o(.bss.calibration_state)
    [Anonymous Symbol]                       0x20000061   Section        0  calibrate.o(.bss.calibration_state)
    data_index                               0x20000062   Data           1  uart.o(.bss.data_index)
    [Anonymous Symbol]                       0x20000062   Section        0  uart.o(.bss.data_index)
    packet_ready                             0x20000063   Data           1  uart.o(.bss.packet_ready)
    [Anonymous Symbol]                       0x20000063   Section        0  uart.o(.bss.packet_ready)
    rx_buffer                                0x20000064   Data          10  uart.o(.bss.rx_buffer)
    [Anonymous Symbol]                       0x20000064   Section        0  uart.o(.bss.rx_buffer)
    rx_chk                                   0x2000006e   Data           1  uart.o(.bss.rx_chk)
    [Anonymous Symbol]                       0x2000006e   Section        0  uart.o(.bss.rx_chk)
    state                                    0x2000006f   Data           1  uart.o(.bss.state)
    [Anonymous Symbol]                       0x2000006f   Section        0  uart.o(.bss.state)
    stepper1_count                           0x20000070   Data           4  timer.o(.bss.stepper1_count)
    [Anonymous Symbol]                       0x20000070   Section        0  timer.o(.bss.stepper1_count)
    stepper1_goal                            0x20000074   Data           4  timer.o(.bss.stepper1_goal)
    [Anonymous Symbol]                       0x20000074   Section        0  timer.o(.bss.stepper1_goal)
    stepper2_count                           0x20000078   Data           4  timer.o(.bss.stepper2_count)
    [Anonymous Symbol]                       0x20000078   Section        0  timer.o(.bss.stepper2_count)
    stepper2_goal                            0x2000007c   Data           4  timer.o(.bss.stepper2_goal)
    [Anonymous Symbol]                       0x2000007c   Section        0  timer.o(.bss.stepper2_goal)
    system_state                             0x20000080   Data           1  system.o(.bss.system_state)
    [Anonymous Symbol]                       0x20000080   Section        0  system.o(.bss.system_state)
    y_distance                               0x20000084   Data           4  calibrate.o(.bss.y_distance)
    [Anonymous Symbol]                       0x20000084   Section        0  calibrate.o(.bss.y_distance)
    z_distance                               0x20000088   Data           4  calibrate.o(.bss.z_distance)
    [Anonymous Symbol]                       0x20000088   Section        0  calibrate.o(.bss.z_distance)
    Heap_Mem                                 0x20000090   Data         512  startup_stm32f10x_md.o(HEAP)
    HEAP                                     0x20000090   Section      512  startup_stm32f10x_md.o(HEAP)
    Stack_Mem                                0x20000290   Data        1024  startup_stm32f10x_md.o(STACK)
    STACK                                    0x20000290   Section     1024  startup_stm32f10x_md.o(STACK)
    __initial_sp                             0x20000690   Data           0  startup_stm32f10x_md.o(STACK)

    Global Symbols

    Symbol Name                              Value     Ov Type        Size  Object(Section)

    BuildAttributes$$THM_ISAv4$P$D$K$B$S$PE$A:L22UL41UL21$X:L11$S22US41US21$IEEE1$IW$~IW$USESV6$~STKCKD$USESV7$~SHL$OSPACE$ROPI$EBA8$UX$STANDARDLIB$REQ8$PRES8$EABIv2 0x00000000   Number         0  anon$$obj.o ABSOLUTE
    __fp_init_empty                          0x00000000   Number         0  fpinit_empty.o ABSOLUTE
    __ARM_exceptions_init                     - Undefined Weak Reference
    __alloca_initialize                       - Undefined Weak Reference
    __arm_preinit_                            - Undefined Weak Reference
    __arm_relocate_pie_                       - Undefined Weak Reference
    __cpp_initialize__aeabi_                  - Undefined Weak Reference
    __cxa_finalize                            - Undefined Weak Reference
    __rt_locale                               - Undefined Weak Reference
    __sigvec_lookup                           - Undefined Weak Reference
    _atexit_init                              - Undefined Weak Reference
    _call_atexit_fns                          - Undefined Weak Reference
    _clock_init                               - Undefined Weak Reference
    _fp_trap_init                             - Undefined Weak Reference
    _fp_trap_shutdown                         - Undefined Weak Reference
    _get_lc_collate                           - Undefined Weak Reference
    _get_lc_ctype                             - Undefined Weak Reference
    _get_lc_monetary                          - Undefined Weak Reference
    _get_lc_numeric                           - Undefined Weak Reference
    _get_lc_time                              - Undefined Weak Reference
    _getenv_init                              - Undefined Weak Reference
    _handle_redirection                       - Undefined Weak Reference
    _init_alloc                               - Undefined Weak Reference
    _init_user_alloc                          - Undefined Weak Reference
    _initio                                   - Undefined Weak Reference
    _rand_init                                - Undefined Weak Reference
    _signal_finish                            - Undefined Weak Reference
    _signal_init                              - Undefined Weak Reference
    _terminate_alloc                          - Undefined Weak Reference
    _terminate_user_alloc                     - Undefined Weak Reference
    _terminateio                              - Undefined Weak Reference
    __Vectors_Size                           0x000000ec   Number         0  startup_stm32f10x_md.o ABSOLUTE
    __Vectors                                0x08000000   Data           4  startup_stm32f10x_md.o(RESET)
    __Vectors_End                            0x080000ec   Data           0  startup_stm32f10x_md.o(RESET)
    __main                                   0x080000ed   Thumb Code     8  __main.o(!!!main)
    __scatterload                            0x080000f5   Thumb Code     0  __scatter.o(!!!scatter)
    __scatterload_rt2                        0x080000f5   Thumb Code    84  __scatter.o(!!!scatter)
    __scatterload_rt2_thumb_only             0x080000f5   Thumb Code     0  __scatter.o(!!!scatter)
    __scatterload_loop                       0x080000ff   Thumb Code     0  __scatter.o(!!!scatter)
    __scatterload_null                       0x08000151   Thumb Code     2  __scatter.o(!!handler_null)
    __scatterload_zeroinit                   0x08000155   Thumb Code    28  __scatter_zi.o(!!handler_zi)
    __rt_lib_init                            0x08000171   Thumb Code     0  libinit.o(.ARM.Collect$$libinit$$00000000)
    __rt_lib_init_alloca_1                   0x08000173   Thumb Code     0  libinit2.o(.ARM.Collect$$libinit$$00000030)
    __rt_lib_init_argv_1                     0x08000173   Thumb Code     0  libinit2.o(.ARM.Collect$$libinit$$0000002E)
    __rt_lib_init_atexit_1                   0x08000173   Thumb Code     0  libinit2.o(.ARM.Collect$$libinit$$0000001D)
    __rt_lib_init_clock_1                    0x08000173   Thumb Code     0  libinit2.o(.ARM.Collect$$libinit$$00000023)
    __rt_lib_init_cpp_1                      0x08000173   Thumb Code     0  libinit2.o(.ARM.Collect$$libinit$$00000034)
    __rt_lib_init_exceptions_1               0x08000173   Thumb Code     0  libinit2.o(.ARM.Collect$$libinit$$00000032)
    __rt_lib_init_fp_1                       0x08000173   Thumb Code     0  libinit2.o(.ARM.Collect$$libinit$$00000002)
    __rt_lib_init_fp_trap_1                  0x08000173   Thumb Code     0  libinit2.o(.ARM.Collect$$libinit$$00000021)
    __rt_lib_init_getenv_1                   0x08000173   Thumb Code     0  libinit2.o(.ARM.Collect$$libinit$$00000025)
    __rt_lib_init_heap_1                     0x08000173   Thumb Code     0  libinit2.o(.ARM.Collect$$libinit$$0000000C)
    __rt_lib_init_lc_collate_1               0x08000173   Thumb Code     0  libinit2.o(.ARM.Collect$$libinit$$00000013)
    __rt_lib_init_lc_ctype_1                 0x08000173   Thumb Code     0  libinit2.o(.ARM.Collect$$libinit$$00000015)
    __rt_lib_init_lc_monetary_1              0x08000173   Thumb Code     0  libinit2.o(.ARM.Collect$$libinit$$00000017)
    __rt_lib_init_lc_numeric_1               0x08000173   Thumb Code     0  libinit2.o(.ARM.Collect$$libinit$$00000019)
    __rt_lib_init_lc_time_1                  0x08000173   Thumb Code     0  libinit2.o(.ARM.Collect$$libinit$$0000001B)
    __rt_lib_init_preinit_1                  0x08000173   Thumb Code     0  libinit2.o(.ARM.Collect$$libinit$$00000006)
    __rt_lib_init_rand_1                     0x08000173   Thumb Code     0  libinit2.o(.ARM.Collect$$libinit$$00000010)
    __rt_lib_init_relocate_pie_1             0x08000173   Thumb Code     0  libinit2.o(.ARM.Collect$$libinit$$00000004)
    __rt_lib_init_return                     0x08000173   Thumb Code     0  libinit2.o(.ARM.Collect$$libinit$$00000035)
    __rt_lib_init_signal_1                   0x08000173   Thumb Code     0  libinit2.o(.ARM.Collect$$libinit$$0000001F)
    __rt_lib_init_stdio_1                    0x08000173   Thumb Code     0  libinit2.o(.ARM.Collect$$libinit$$00000027)
    __rt_lib_init_user_alloc_1               0x08000173   Thumb Code     0  libinit2.o(.ARM.Collect$$libinit$$0000000E)
    __rt_lib_shutdown                        0x08000175   Thumb Code     0  libshutdown.o(.ARM.Collect$$libshutdown$$00000000)
    __rt_lib_shutdown_cpp_1                  0x08000177   Thumb Code     0  libshutdown2.o(.ARM.Collect$$libshutdown$$00000002)
    __rt_lib_shutdown_fp_trap_1              0x08000177   Thumb Code     0  libshutdown2.o(.ARM.Collect$$libshutdown$$00000007)
    __rt_lib_shutdown_heap_1                 0x08000177   Thumb Code     0  libshutdown2.o(.ARM.Collect$$libshutdown$$0000000F)
    __rt_lib_shutdown_return                 0x08000177   Thumb Code     0  libshutdown2.o(.ARM.Collect$$libshutdown$$00000010)
    __rt_lib_shutdown_signal_1               0x08000177   Thumb Code     0  libshutdown2.o(.ARM.Collect$$libshutdown$$0000000A)
    __rt_lib_shutdown_stdio_1                0x08000177   Thumb Code     0  libshutdown2.o(.ARM.Collect$$libshutdown$$00000004)
    __rt_lib_shutdown_user_alloc_1           0x08000177   Thumb Code     0  libshutdown2.o(.ARM.Collect$$libshutdown$$0000000C)
    __rt_entry                               0x08000179   Thumb Code     0  __rtentry.o(.ARM.Collect$$rtentry$$00000000)
    __rt_entry_presh_1                       0x08000179   Thumb Code     0  __rtentry2.o(.ARM.Collect$$rtentry$$00000002)
    __rt_entry_sh                            0x08000179   Thumb Code     0  __rtentry4.o(.ARM.Collect$$rtentry$$00000004)
    __rt_entry_li                            0x0800017f   Thumb Code     0  __rtentry2.o(.ARM.Collect$$rtentry$$0000000A)
    __rt_entry_postsh_1                      0x0800017f   Thumb Code     0  __rtentry2.o(.ARM.Collect$$rtentry$$00000009)
    __rt_entry_main                          0x08000183   Thumb Code     0  __rtentry2.o(.ARM.Collect$$rtentry$$0000000D)
    __rt_entry_postli_1                      0x08000183   Thumb Code     0  __rtentry2.o(.ARM.Collect$$rtentry$$0000000C)
    __rt_exit                                0x0800018b   Thumb Code     0  rtexit.o(.ARM.Collect$$rtexit$$00000000)
    __rt_exit_ls                             0x0800018d   Thumb Code     0  rtexit2.o(.ARM.Collect$$rtexit$$00000003)
    __rt_exit_prels_1                        0x0800018d   Thumb Code     0  rtexit2.o(.ARM.Collect$$rtexit$$00000002)
    __rt_exit_exit                           0x08000191   Thumb Code     0  rtexit2.o(.ARM.Collect$$rtexit$$00000004)
    Reset_Handler                            0x08000199   Thumb Code     8  startup_stm32f10x_md.o(.text)
    NMI_Handler                              0x080001a1   Thumb Code     2  startup_stm32f10x_md.o(.text)
    HardFault_Handler                        0x080001a3   Thumb Code     2  startup_stm32f10x_md.o(.text)
    MemManage_Handler                        0x080001a5   Thumb Code     2  startup_stm32f10x_md.o(.text)
    BusFault_Handler                         0x080001a7   Thumb Code     2  startup_stm32f10x_md.o(.text)
    UsageFault_Handler                       0x080001a9   Thumb Code     2  startup_stm32f10x_md.o(.text)
    SVC_Handler                              0x080001ab   Thumb Code     2  startup_stm32f10x_md.o(.text)
    DebugMon_Handler                         0x080001ad   Thumb Code     2  startup_stm32f10x_md.o(.text)
    PendSV_Handler                           0x080001af   Thumb Code     2  startup_stm32f10x_md.o(.text)
    SysTick_Handler                          0x080001b1   Thumb Code     2  startup_stm32f10x_md.o(.text)
    ADC1_2_IRQHandler                        0x080001b3   Thumb Code     0  startup_stm32f10x_md.o(.text)
    CAN1_RX1_IRQHandler                      0x080001b3   Thumb Code     0  startup_stm32f10x_md.o(.text)
    CAN1_SCE_IRQHandler                      0x080001b3   Thumb Code     0  startup_stm32f10x_md.o(.text)
    DMA1_Channel1_IRQHandler                 0x080001b3   Thumb Code     0  startup_stm32f10x_md.o(.text)
    DMA1_Channel2_IRQHandler                 0x080001b3   Thumb Code     0  startup_stm32f10x_md.o(.text)
    DMA1_Channel3_IRQHandler                 0x080001b3   Thumb Code     0  startup_stm32f10x_md.o(.text)
    DMA1_Channel4_IRQHandler                 0x080001b3   Thumb Code     0  startup_stm32f10x_md.o(.text)
    DMA1_Channel5_IRQHandler                 0x080001b3   Thumb Code     0  startup_stm32f10x_md.o(.text)
    DMA1_Channel6_IRQHandler                 0x080001b3   Thumb Code     0  startup_stm32f10x_md.o(.text)
    DMA1_Channel7_IRQHandler                 0x080001b3   Thumb Code     0  startup_stm32f10x_md.o(.text)
    EXTI15_10_IRQHandler                     0x080001b3   Thumb Code     0  startup_stm32f10x_md.o(.text)
    EXTI4_IRQHandler                         0x080001b3   Thumb Code     0  startup_stm32f10x_md.o(.text)
    EXTI9_5_IRQHandler                       0x080001b3   Thumb Code     0  startup_stm32f10x_md.o(.text)
    FLASH_IRQHandler                         0x080001b3   Thumb Code     0  startup_stm32f10x_md.o(.text)
    I2C1_ER_IRQHandler                       0x080001b3   Thumb Code     0  startup_stm32f10x_md.o(.text)
    I2C1_EV_IRQHandler                       0x080001b3   Thumb Code     0  startup_stm32f10x_md.o(.text)
    I2C2_ER_IRQHandler                       0x080001b3   Thumb Code     0  startup_stm32f10x_md.o(.text)
    I2C2_EV_IRQHandler                       0x080001b3   Thumb Code     0  startup_stm32f10x_md.o(.text)
    PVD_IRQHandler                           0x080001b3   Thumb Code     0  startup_stm32f10x_md.o(.text)
    RCC_IRQHandler                           0x080001b3   Thumb Code     0  startup_stm32f10x_md.o(.text)
    RTCAlarm_IRQHandler                      0x080001b3   Thumb Code     0  startup_stm32f10x_md.o(.text)
    RTC_IRQHandler                           0x080001b3   Thumb Code     0  startup_stm32f10x_md.o(.text)
    SPI1_IRQHandler                          0x080001b3   Thumb Code     0  startup_stm32f10x_md.o(.text)
    SPI2_IRQHandler                          0x080001b3   Thumb Code     0  startup_stm32f10x_md.o(.text)
    TAMPER_IRQHandler                        0x080001b3   Thumb Code     0  startup_stm32f10x_md.o(.text)
    TIM1_BRK_IRQHandler                      0x080001b3   Thumb Code     0  startup_stm32f10x_md.o(.text)
    TIM1_CC_IRQHandler                       0x080001b3   Thumb Code     0  startup_stm32f10x_md.o(.text)
    TIM1_TRG_COM_IRQHandler                  0x080001b3   Thumb Code     0  startup_stm32f10x_md.o(.text)
    TIM1_UP_IRQHandler                       0x080001b3   Thumb Code     0  startup_stm32f10x_md.o(.text)
    USART1_IRQHandler                        0x080001b3   Thumb Code     0  startup_stm32f10x_md.o(.text)
    USART3_IRQHandler                        0x080001b3   Thumb Code     0  startup_stm32f10x_md.o(.text)
    USBWakeUp_IRQHandler                     0x080001b3   Thumb Code     0  startup_stm32f10x_md.o(.text)
    USB_HP_CAN1_TX_IRQHandler                0x080001b3   Thumb Code     0  startup_stm32f10x_md.o(.text)
    USB_LP_CAN1_RX0_IRQHandler               0x080001b3   Thumb Code     0  startup_stm32f10x_md.o(.text)
    WWDG_IRQHandler                          0x080001b3   Thumb Code     0  startup_stm32f10x_md.o(.text)
    __user_initial_stackheap                 0x080001b5   Thumb Code     0  startup_stm32f10x_md.o(.text)
    __use_two_region_memory                  0x080001d9   Thumb Code     2  heapauxi.o(.text)
    __rt_heap_escrow$2region                 0x080001db   Thumb Code     2  heapauxi.o(.text)
    __rt_heap_expand$2region                 0x080001dd   Thumb Code     2  heapauxi.o(.text)
    __user_setup_stackheap                   0x080001df   Thumb Code    74  sys_stackheap_outer.o(.text)
    exit                                     0x08000229   Thumb Code    18  exit.o(.text)
    __user_libspace                          0x0800023d   Thumb Code     8  libspace.o(.text)
    __user_perproc_libspace                  0x0800023d   Thumb Code     0  libspace.o(.text)
    __user_perthread_libspace                0x0800023d   Thumb Code     0  libspace.o(.text)
    _sys_exit                                0x08000245   Thumb Code     8  sys_exit.o(.text)
    __I$use$semihosting                      0x08000251   Thumb Code     0  use_no_semi.o(.text)
    __use_no_semihosting_swi                 0x08000251   Thumb Code     2  use_no_semi.o(.text)
    __semihosting_library_function           0x08000253   Thumb Code     0  indicate_semi.o(.text)
    EXTI0_IRQHandler                         0x08000255   Thumb Code   132  limit.o(.text.EXTI0_IRQHandler)
    EXTI1_IRQHandler                         0x080002d9   Thumb Code   148  limit.o(.text.EXTI1_IRQHandler)
    EXTI2_IRQHandler                         0x0800036d   Thumb Code   136  limit.o(.text.EXTI2_IRQHandler)
    EXTI3_IRQHandler                         0x080003f5   Thumb Code   148  limit.o(.text.EXTI3_IRQHandler)
    GPIO_clear                               0x08000489   Thumb Code    34  gpio.o(.text.GPIO_clear)
    GPIO_init_output                         0x080004ad   Thumb Code   230  gpio.o(.text.GPIO_init_output)
    GPIO_set                                 0x08000595   Thumb Code    30  gpio.o(.text.GPIO_set)
    SystemInit                               0x080006e1   Thumb Code   102  system_stm32f10x.o(.text.SystemInit)
    TIM1_init_servo                          0x08000749   Thumb Code   230  timer.o(.text.TIM1_init_servo)
    TIM1_set_CCRx                            0x08000831   Thumb Code    62  timer.o(.text.TIM1_set_CCRx)
    TIM2_IRQHandler                          0x08000871   Thumb Code   184  timer.o(.text.TIM2_IRQHandler)
    TIM2_init_step_freq                      0x08000929   Thumb Code    86  timer.o(.text.TIM2_init_step_freq)
    TIM3_IRQHandler                          0x08000981   Thumb Code   140  timer.o(.text.TIM3_IRQHandler)
    TIM3_init_pulse_width                    0x08000a0d   Thumb Code    92  timer.o(.text.TIM3_init_pulse_width)
    TIM4_IRQHandler                          0x08000a69   Thumb Code   188  timer.o(.text.TIM4_IRQHandler)
    TIM4_init_step_freq                      0x08000b25   Thumb Code    94  timer.o(.text.TIM4_init_step_freq)
    TIM_set_arr                              0x08000b85   Thumb Code    20  timer.o(.text.TIM_set_arr)
    USART2_IRQHandler                        0x08000b99   Thumb Code   570  uart.o(.text.USART2_IRQHandler)
    USART2_init                              0x08000dd5   Thumb Code   180  uart.o(.text.USART2_init)
    USART2_send_ack                          0x08000e89   Thumb Code    10  uart.o(.text.USART2_send_ack)
    USART2_send_nack                         0x08000e95   Thumb Code    10  uart.o(.text.USART2_send_nack)
    USART2_write                             0x08000ea1   Thumb Code    46  uart.o(.text.USART2_write)
    calibrate                                0x08000f61   Thumb Code   582  calibrate.o(.text.calibrate)
    drive_stepper1                           0x080011a9   Thumb Code    20  stepper.o(.text.drive_stepper1)
    drive_stepper2                           0x080011bd   Thumb Code    20  stepper.o(.text.drive_stepper2)
    get_calibration_state                    0x080011d1   Thumb Code    12  calibrate.o(.text.get_calibration_state)
    get_packet_ready                         0x080011dd   Thumb Code    12  uart.o(.text.get_packet_ready)
    get_rx_buffer                            0x080011e9   Thumb Code    10  uart.o(.text.get_rx_buffer)
    get_stepper1_count                       0x080011f5   Thumb Code    12  timer.o(.text.get_stepper1_count)
    get_stepper1_goal                        0x08001201   Thumb Code    12  timer.o(.text.get_stepper1_goal)
    get_stepper2_count                       0x0800120d   Thumb Code    12  timer.o(.text.get_stepper2_count)
    get_stepper2_goal                        0x08001219   Thumb Code    12  timer.o(.text.get_stepper2_goal)
    get_system_state                         0x08001225   Thumb Code    12  system.o(.text.get_system_state)
    get_y_distance                           0x08001231   Thumb Code    12  calibrate.o(.text.get_y_distance)
    get_z_distance                           0x0800123d   Thumb Code    12  calibrate.o(.text.get_z_distance)
    limit_init                               0x08001249   Thumb Code   248  limit.o(.text.limit_init)
    main                                     0x08001341   Thumb Code   528  main.o(.text.main)
    pulse_width_init                         0x08001551   Thumb Code     8  stepper.o(.text.pulse_width_init)
    send_cal_values                          0x08001559   Thumb Code   108  calibrate.o(.text.send_cal_values)
    servo1_init                              0x080015c5   Thumb Code     8  servo.o(.text.servo1_init)
    set_calibration_state                    0x080015cd   Thumb Code    24  calibrate.o(.text.set_calibration_state)
    set_packet_ready                         0x080015e5   Thumb Code    24  uart.o(.text.set_packet_ready)
    set_servo1_angle                         0x080015fd   Thumb Code    52  servo.o(.text.set_servo1_angle)
    set_servo2_angle                         0x08001631   Thumb Code    52  servo.o(.text.set_servo2_angle)
    set_stepper1_dir                         0x08001665   Thumb Code    64  stepper.o(.text.set_stepper1_dir)
    set_stepper1_goal                        0x080016a5   Thumb Code    20  timer.o(.text.set_stepper1_goal)
    set_stepper1_step_freq                   0x080016b9   Thumb Code    58  stepper.o(.text.set_stepper1_step_freq)
    set_stepper2_dir                         0x080016f5   Thumb Code    64  stepper.o(.text.set_stepper2_dir)
    set_stepper2_goal                        0x08001735   Thumb Code    20  timer.o(.text.set_stepper2_goal)
    set_stepper2_step_freq                   0x08001749   Thumb Code    64  stepper.o(.text.set_stepper2_step_freq)
    set_system_state                         0x08001789   Thumb Code    24  system.o(.text.set_system_state)
    set_y_distance                           0x080017a1   Thumb Code    20  calibrate.o(.text.set_y_distance)
    set_z_distance                           0x080017b5   Thumb Code    20  calibrate.o(.text.set_z_distance)
    stepper1_init                            0x080017c9   Thumb Code    50  stepper.o(.text.stepper1_init)
    stepper1_start_counting                  0x080017fd   Thumb Code    26  timer.o(.text.stepper1_start_counting)
    stepper1_stop_counting                   0x08001819   Thumb Code    14  timer.o(.text.stepper1_stop_counting)
    stepper2_init                            0x08001829   Thumb Code    50  stepper.o(.text.stepper2_init)
    stepper2_start_counting                  0x0800185d   Thumb Code    30  timer.o(.text.stepper2_start_counting)
    stepper2_stop_counting                   0x0800187d   Thumb Code    18  timer.o(.text.stepper2_stop_counting)
    stop_stepper1                            0x08001891   Thumb Code     8  stepper.o(.text.stop_stepper1)
    stop_stepper2                            0x08001899   Thumb Code     8  stepper.o(.text.stop_stepper2)
    Region$$Table$$Base                      0x080018a0   Number         0  anon$$obj.o(Region$$Table)
    Region$$Table$$Limit                     0x080018b0   Number         0  anon$$obj.o(Region$$Table)
    __libspace_start                         0x20000000   Data          96  libspace.o(.bss)
    __temporary_stack_top$libspace           0x20000060   Data           0  libspace.o(.bss)



==============================================================================

Memory Map of the image

  Image Entry point : 0x08000199

  Load Region LR_1 (Base: 0x08000000, Size: 0x000018b0, Max: 0xffffffff, ABSOLUTE)

    Execution Region ER_RO (Exec base: 0x08000000, Load base: 0x08000000, Size: 0x000018b0, Max: 0xffffffff, ABSOLUTE)

    Exec Addr    Load Addr    Size         Type   Attr      Idx    E Section Name        Object

    0x08000000   0x08000000   0x000000ec   Data   RO          216    RESET               startup_stm32f10x_md.o
    0x080000ec   0x080000ec   0x00000008   Code   RO          244  * !!!main             c_w.l(__main.o)
    0x080000f4   0x080000f4   0x0000005c   Code   RO          409    !!!scatter          c_w.l(__scatter.o)
    0x08000150   0x08000150   0x00000002   Code   RO          410    !!handler_null      c_w.l(__scatter.o)
    0x08000152   0x08000152   0x00000002   PAD
    0x08000154   0x08000154   0x0000001c   Code   RO          413    !!handler_zi        c_w.l(__scatter_zi.o)
    0x08000170   0x08000170   0x00000002   Code   RO          271    .ARM.Collect$$libinit$$00000000  c_w.l(libinit.o)
    0x08000172   0x08000172   0x00000000   Code   RO          278    .ARM.Collect$$libinit$$00000002  c_w.l(libinit2.o)
    0x08000172   0x08000172   0x00000000   Code   RO          280    .ARM.Collect$$libinit$$00000004  c_w.l(libinit2.o)
    0x08000172   0x08000172   0x00000000   Code   RO          282    .ARM.Collect$$libinit$$00000006  c_w.l(libinit2.o)
    0x08000172   0x08000172   0x00000000   Code   RO          285    .ARM.Collect$$libinit$$0000000C  c_w.l(libinit2.o)
    0x08000172   0x08000172   0x00000000   Code   RO          287    .ARM.Collect$$libinit$$0000000E  c_w.l(libinit2.o)
    0x08000172   0x08000172   0x00000000   Code   RO          289    .ARM.Collect$$libinit$$00000010  c_w.l(libinit2.o)
    0x08000172   0x08000172   0x00000000   Code   RO          292    .ARM.Collect$$libinit$$00000013  c_w.l(libinit2.o)
    0x08000172   0x08000172   0x00000000   Code   RO          294    .ARM.Collect$$libinit$$00000015  c_w.l(libinit2.o)
    0x08000172   0x08000172   0x00000000   Code   RO          296    .ARM.Collect$$libinit$$00000017  c_w.l(libinit2.o)
    0x08000172   0x08000172   0x00000000   Code   RO          298    .ARM.Collect$$libinit$$00000019  c_w.l(libinit2.o)
    0x08000172   0x08000172   0x00000000   Code   RO          300    .ARM.Collect$$libinit$$0000001B  c_w.l(libinit2.o)
    0x08000172   0x08000172   0x00000000   Code   RO          302    .ARM.Collect$$libinit$$0000001D  c_w.l(libinit2.o)
    0x08000172   0x08000172   0x00000000   Code   RO          304    .ARM.Collect$$libinit$$0000001F  c_w.l(libinit2.o)
    0x08000172   0x08000172   0x00000000   Code   RO          306    .ARM.Collect$$libinit$$00000021  c_w.l(libinit2.o)
    0x08000172   0x08000172   0x00000000   Code   RO          308    .ARM.Collect$$libinit$$00000023  c_w.l(libinit2.o)
    0x08000172   0x08000172   0x00000000   Code   RO          310    .ARM.Collect$$libinit$$00000025  c_w.l(libinit2.o)
    0x08000172   0x08000172   0x00000000   Code   RO          312    .ARM.Collect$$libinit$$00000027  c_w.l(libinit2.o)
    0x08000172   0x08000172   0x00000000   Code   RO          316    .ARM.Collect$$libinit$$0000002E  c_w.l(libinit2.o)
    0x08000172   0x08000172   0x00000000   Code   RO          318    .ARM.Collect$$libinit$$00000030  c_w.l(libinit2.o)
    0x08000172   0x08000172   0x00000000   Code   RO          320    .ARM.Collect$$libinit$$00000032  c_w.l(libinit2.o)
    0x08000172   0x08000172   0x00000000   Code   RO          322    .ARM.Collect$$libinit$$00000034  c_w.l(libinit2.o)
    0x08000172   0x08000172   0x00000002   Code   RO          323    .ARM.Collect$$libinit$$00000035  c_w.l(libinit2.o)
    0x08000174   0x08000174   0x00000002   Code   RO          345    .ARM.Collect$$libshutdown$$00000000  c_w.l(libshutdown.o)
    0x08000176   0x08000176   0x00000000   Code   RO          360    .ARM.Collect$$libshutdown$$00000002  c_w.l(libshutdown2.o)
    0x08000176   0x08000176   0x00000000   Code   RO          362    .ARM.Collect$$libshutdown$$00000004  c_w.l(libshutdown2.o)
    0x08000176   0x08000176   0x00000000   Code   RO          365    .ARM.Collect$$libshutdown$$00000007  c_w.l(libshutdown2.o)
    0x08000176   0x08000176   0x00000000   Code   RO          368    .ARM.Collect$$libshutdown$$0000000A  c_w.l(libshutdown2.o)
    0x08000176   0x08000176   0x00000000   Code   RO          370    .ARM.Collect$$libshutdown$$0000000C  c_w.l(libshutdown2.o)
    0x08000176   0x08000176   0x00000000   Code   RO          373    .ARM.Collect$$libshutdown$$0000000F  c_w.l(libshutdown2.o)
    0x08000176   0x08000176   0x00000002   Code   RO          374    .ARM.Collect$$libshutdown$$00000010  c_w.l(libshutdown2.o)
    0x08000178   0x08000178   0x00000000   Code   RO          246    .ARM.Collect$$rtentry$$00000000  c_w.l(__rtentry.o)
    0x08000178   0x08000178   0x00000000   Code   RO          248    .ARM.Collect$$rtentry$$00000002  c_w.l(__rtentry2.o)
    0x08000178   0x08000178   0x00000006   Code   RO          260    .ARM.Collect$$rtentry$$00000004  c_w.l(__rtentry4.o)
    0x0800017e   0x0800017e   0x00000000   Code   RO          250    .ARM.Collect$$rtentry$$00000009  c_w.l(__rtentry2.o)
    0x0800017e   0x0800017e   0x00000004   Code   RO          251    .ARM.Collect$$rtentry$$0000000A  c_w.l(__rtentry2.o)
    0x08000182   0x08000182   0x00000000   Code   RO          253    .ARM.Collect$$rtentry$$0000000C  c_w.l(__rtentry2.o)
    0x08000182   0x08000182   0x00000008   Code   RO          254    .ARM.Collect$$rtentry$$0000000D  c_w.l(__rtentry2.o)
    0x0800018a   0x0800018a   0x00000002   Code   RO          275    .ARM.Collect$$rtexit$$00000000  c_w.l(rtexit.o)
    0x0800018c   0x0800018c   0x00000000   Code   RO          325    .ARM.Collect$$rtexit$$00000002  c_w.l(rtexit2.o)
    0x0800018c   0x0800018c   0x00000004   Code   RO          326    .ARM.Collect$$rtexit$$00000003  c_w.l(rtexit2.o)
    0x08000190   0x08000190   0x00000006   Code   RO          327    .ARM.Collect$$rtexit$$00000004  c_w.l(rtexit2.o)
    0x08000196   0x08000196   0x00000002   PAD
    0x08000198   0x08000198   0x00000040   Code   RO          217  * .text               startup_stm32f10x_md.o
    0x080001d8   0x080001d8   0x00000006   Code   RO          242    .text               c_w.l(heapauxi.o)
    0x080001de   0x080001de   0x0000004a   Code   RO          262    .text               c_w.l(sys_stackheap_outer.o)
    0x08000228   0x08000228   0x00000012   Code   RO          264    .text               c_w.l(exit.o)
    0x0800023a   0x0800023a   0x00000002   PAD
    0x0800023c   0x0800023c   0x00000008   Code   RO          272    .text               c_w.l(libspace.o)
    0x08000244   0x08000244   0x0000000c   Code   RO          335    .text               c_w.l(sys_exit.o)
    0x08000250   0x08000250   0x00000002   Code   RO          350    .text               c_w.l(use_no_semi.o)
    0x08000252   0x08000252   0x00000000   Code   RO          352    .text               c_w.l(indicate_semi.o)
    0x08000252   0x08000252   0x00000002   PAD
    0x08000254   0x08000254   0x00000084   Code   RO          161    .text.EXTI0_IRQHandler  limit.o
    0x080002d8   0x080002d8   0x00000094   Code   RO          163    .text.EXTI1_IRQHandler  limit.o
    0x0800036c   0x0800036c   0x00000088   Code   RO          165    .text.EXTI2_IRQHandler  limit.o
    0x080003f4   0x080003f4   0x00000094   Code   RO          167    .text.EXTI3_IRQHandler  limit.o
    0x08000488   0x08000488   0x00000022   Code   RO           50    .text.GPIO_clear    gpio.o
    0x080004aa   0x080004aa   0x00000002   PAD
    0x080004ac   0x080004ac   0x000000e6   Code   RO           42    .text.GPIO_init_output  gpio.o
    0x08000592   0x08000592   0x00000002   PAD
    0x08000594   0x08000594   0x0000001e   Code   RO           48    .text.GPIO_set      gpio.o
    0x080005b2   0x080005b2   0x00000002   PAD
    0x080005b4   0x080005b4   0x00000008   Code   RO          226    .text.SetSysClock   system_stm32f10x.o
    0x080005bc   0x080005bc   0x00000122   Code   RO          230    .text.SetSysClockTo72  system_stm32f10x.o
    0x080006de   0x080006de   0x00000002   PAD
    0x080006e0   0x080006e0   0x00000066   Code   RO          224    .text.SystemInit    system_stm32f10x.o
    0x08000746   0x08000746   0x00000002   PAD
    0x08000748   0x08000748   0x000000e6   Code   RO           91    .text.TIM1_init_servo  timer.o
    0x0800082e   0x0800082e   0x00000002   PAD
    0x08000830   0x08000830   0x0000003e   Code   RO           93    .text.TIM1_set_CCRx  timer.o
    0x0800086e   0x0800086e   0x00000002   PAD
    0x08000870   0x08000870   0x000000b8   Code   RO           95    .text.TIM2_IRQHandler  timer.o
    0x08000928   0x08000928   0x00000056   Code   RO           79    .text.TIM2_init_step_freq  timer.o
    0x0800097e   0x0800097e   0x00000002   PAD
    0x08000980   0x08000980   0x0000008c   Code   RO           97    .text.TIM3_IRQHandler  timer.o
    0x08000a0c   0x08000a0c   0x0000005c   Code   RO           83    .text.TIM3_init_pulse_width  timer.o
    0x08000a68   0x08000a68   0x000000bc   Code   RO           99    .text.TIM4_IRQHandler  timer.o
    0x08000b24   0x08000b24   0x0000005e   Code   RO           85    .text.TIM4_init_step_freq  timer.o
    0x08000b82   0x08000b82   0x00000002   PAD
    0x08000b84   0x08000b84   0x00000014   Code   RO           89    .text.TIM_set_arr   timer.o
    0x08000b98   0x08000b98   0x0000023a   Code   RO           27    .text.USART2_IRQHandler  uart.o
    0x08000dd2   0x08000dd2   0x00000002   PAD
    0x08000dd4   0x08000dd4   0x000000b4   Code   RO           19    .text.USART2_init   uart.o
    0x08000e88   0x08000e88   0x0000000a   Code   RO           23    .text.USART2_send_ack  uart.o
    0x08000e92   0x08000e92   0x00000002   PAD
    0x08000e94   0x08000e94   0x0000000a   Code   RO           25    .text.USART2_send_nack  uart.o
    0x08000e9e   0x08000e9e   0x00000002   PAD
    0x08000ea0   0x08000ea0   0x0000002e   Code   RO           17    .text.USART2_write  uart.o
    0x08000ece   0x08000ece   0x00000002   PAD
    0x08000ed0   0x08000ed0   0x00000030   Code   RO           21    .text.__NVIC_EnableIRQ  uart.o
    0x08000f00   0x08000f00   0x00000030   Code   RO           81    .text.__NVIC_EnableIRQ  timer.o
    0x08000f30   0x08000f30   0x00000030   Code   RO          159    .text.__NVIC_EnableIRQ  limit.o
    0x08000f60   0x08000f60   0x00000246   Code   RO          201    .text.calibrate     calibrate.o
    0x080011a6   0x080011a6   0x00000002   PAD
    0x080011a8   0x080011a8   0x00000014   Code   RO          123    .text.drive_stepper1  stepper.o
    0x080011bc   0x080011bc   0x00000014   Code   RO          125    .text.drive_stepper2  stepper.o
    0x080011d0   0x080011d0   0x0000000c   Code   RO          189    .text.get_calibration_state  calibrate.o
    0x080011dc   0x080011dc   0x0000000c   Code   RO           13    .text.get_packet_ready  uart.o
    0x080011e8   0x080011e8   0x0000000a   Code   RO           11    .text.get_rx_buffer  uart.o
    0x080011f2   0x080011f2   0x00000002   PAD
    0x080011f4   0x080011f4   0x0000000c   Code   RO           59    .text.get_stepper1_count  timer.o
    0x08001200   0x08001200   0x0000000c   Code   RO           63    .text.get_stepper1_goal  timer.o
    0x0800120c   0x0800120c   0x0000000c   Code   RO           61    .text.get_stepper2_count  timer.o
    0x08001218   0x08001218   0x0000000c   Code   RO           65    .text.get_stepper2_goal  timer.o
    0x08001224   0x08001224   0x0000000c   Code   RO          179    .text.get_system_state  system.o
    0x08001230   0x08001230   0x0000000c   Code   RO          195    .text.get_y_distance  calibrate.o
    0x0800123c   0x0800123c   0x0000000c   Code   RO          197    .text.get_z_distance  calibrate.o
    0x08001248   0x08001248   0x000000f8   Code   RO          157    .text.limit_init    limit.o
    0x08001340   0x08001340   0x00000210   Code   RO            2    .text.main          main.o
    0x08001550   0x08001550   0x00000008   Code   RO          113    .text.pulse_width_init  stepper.o
    0x08001558   0x08001558   0x0000006c   Code   RO          203    .text.send_cal_values  calibrate.o
    0x080015c4   0x080015c4   0x00000008   Code   RO          142    .text.servo1_init   servo.o
    0x080015cc   0x080015cc   0x00000018   Code   RO          199    .text.set_calibration_state  calibrate.o
    0x080015e4   0x080015e4   0x00000018   Code   RO           15    .text.set_packet_ready  uart.o
    0x080015fc   0x080015fc   0x00000034   Code   RO          146    .text.set_servo1_angle  servo.o
    0x08001630   0x08001630   0x00000034   Code   RO          148    .text.set_servo2_angle  servo.o
    0x08001664   0x08001664   0x00000040   Code   RO          127    .text.set_stepper1_dir  stepper.o
    0x080016a4   0x080016a4   0x00000014   Code   RO           67    .text.set_stepper1_goal  timer.o
    0x080016b8   0x080016b8   0x0000003a   Code   RO          119    .text.set_stepper1_step_freq  stepper.o
    0x080016f2   0x080016f2   0x00000002   PAD
    0x080016f4   0x080016f4   0x00000040   Code   RO          129    .text.set_stepper2_dir  stepper.o
    0x08001734   0x08001734   0x00000014   Code   RO           69    .text.set_stepper2_goal  timer.o
    0x08001748   0x08001748   0x00000040   Code   RO          121    .text.set_stepper2_step_freq  stepper.o
    0x08001788   0x08001788   0x00000018   Code   RO          177    .text.set_system_state  system.o
    0x080017a0   0x080017a0   0x00000014   Code   RO          191    .text.set_y_distance  calibrate.o
    0x080017b4   0x080017b4   0x00000014   Code   RO          193    .text.set_z_distance  calibrate.o
    0x080017c8   0x080017c8   0x00000032   Code   RO          115    .text.stepper1_init  stepper.o
    0x080017fa   0x080017fa   0x00000002   PAD
    0x080017fc   0x080017fc   0x0000001a   Code   RO           71    .text.stepper1_start_counting  timer.o
    0x08001816   0x08001816   0x00000002   PAD
    0x08001818   0x08001818   0x0000000e   Code   RO           75    .text.stepper1_stop_counting  timer.o
    0x08001826   0x08001826   0x00000002   PAD
    0x08001828   0x08001828   0x00000032   Code   RO          117    .text.stepper2_init  stepper.o
    0x0800185a   0x0800185a   0x00000002   PAD
    0x0800185c   0x0800185c   0x0000001e   Code   RO           73    .text.stepper2_start_counting  timer.o
    0x0800187a   0x0800187a   0x00000002   PAD
    0x0800187c   0x0800187c   0x00000012   Code   RO           77    .text.stepper2_stop_counting  timer.o
    0x0800188e   0x0800188e   0x00000002   PAD
    0x08001890   0x08001890   0x00000008   Code   RO          131    .text.stop_stepper1  stepper.o
    0x08001898   0x08001898   0x00000008   Code   RO          133    .text.stop_stepper2  stepper.o
    0x080018a0   0x080018a0   0x00000010   Data   RO          408    Region$$Table       anon$$obj.o


    Execution Region ER_RW (Exec base: 0x20000000, Load base: 0x080018b0, Size: 0x00000000, Max: 0xffffffff, ABSOLUTE)

    **** No section assigned to this execution region ****


    Execution Region ER_ZI (Exec base: 0x20000000, Load base: 0x080018b0, Size: 0x00000690, Max: 0xffffffff, ABSOLUTE)

    Exec Addr    Load Addr    Size         Type   Attr      Idx    E Section Name        Object

    0x20000000        -       0x00000060   Zero   RW          273    .bss                c_w.l(libspace.o)
    0x20000060        -       0x00000001   Zero   RW           33    .bss.calc_chk       uart.o
    0x20000061        -       0x00000001   Zero   RW          205    .bss.calibration_state  calibrate.o
    0x20000062        -       0x00000001   Zero   RW           32    .bss.data_index     uart.o
    0x20000063        -       0x00000001   Zero   RW           30    .bss.packet_ready   uart.o
    0x20000064        -       0x0000000a   Zero   RW           29    .bss.rx_buffer      uart.o
    0x2000006e        -       0x00000001   Zero   RW           34    .bss.rx_chk         uart.o
    0x2000006f        -       0x00000001   Zero   RW           31    .bss.state          uart.o
    0x20000070        -       0x00000004   Zero   RW          102    .bss.stepper1_count  timer.o
    0x20000074        -       0x00000004   Zero   RW          104    .bss.stepper1_goal  timer.o
    0x20000078        -       0x00000004   Zero   RW          103    .bss.stepper2_count  timer.o
    0x2000007c        -       0x00000004   Zero   RW          105    .bss.stepper2_goal  timer.o
    0x20000080        -       0x00000001   Zero   RW          181    .bss.system_state   system.o
    0x20000081   0x080018b0   0x00000003   PAD
    0x20000084        -       0x00000004   Zero   RW          206    .bss.y_distance     calibrate.o
    0x20000088        -       0x00000004   Zero   RW          207    .bss.z_distance     calibrate.o
    0x2000008c   0x080018b0   0x00000004   PAD
    0x20000090        -       0x00000200   Zero   RW          215    HEAP                startup_stm32f10x_md.o
    0x20000290        -       0x00000400   Zero   RW          214    STACK               startup_stm32f10x_md.o


==============================================================================

Image component sizes


      Code (inc. data)   RO Data    RW Data    ZI Data      Debug   Object Name

       790         42          0          0          9       2428   calibrate.o
       294          0          0          0          0       1885   gpio.o
       860          0          0          0          0       4633   limit.o
       528         16          0          0          0       1338   main.o
       112          0          0          0          0        983   servo.o
        64         26        236          0       1536        832   startup_stm32f10x_md.o
       414          0          0          0          0       3022   stepper.o
        36          0          0          0          1        722   system.o
       400          0          0          0          0       2984   system_stm32f10x.o
      1320          0          0          0         16       6485   timer.o
       910          6          0          0         15       4603   uart.o

    ----------------------------------------------------------------------
      5772         90        252          0       1584      29915   Object Totals
         0          0         16          0          0          0   (incl. Generated)
        44          0          0          0          7          0   (incl. Padding)

    ----------------------------------------------------------------------

      Code (inc. data)   RO Data    RW Data    ZI Data      Debug   Library Member Name

         8          0          0          0          0         68   __main.o
         0          0          0          0          0          0   __rtentry.o
        12          0          0          0          0          0   __rtentry2.o
         6          0          0          0          0          0   __rtentry4.o
        94          8          0          0          0          0   __scatter.o
        28          0          0          0          0          0   __scatter_zi.o
        18          0          0          0          0         80   exit.o
         6          0          0          0          0        152   heapauxi.o
         0          0          0          0          0          0   indicate_semi.o
         2          0          0          0          0          0   libinit.o
         2          0          0          0          0          0   libinit2.o
         2          0          0          0          0          0   libshutdown.o
         2          0          0          0          0          0   libshutdown2.o
         8          4          0          0         96         68   libspace.o
         2          0          0          0          0          0   rtexit.o
        10          0          0          0          0          0   rtexit2.o
        12          4          0          0          0         68   sys_exit.o
        74          0          0          0          0         80   sys_stackheap_outer.o
         2          0          0          0          0         68   use_no_semi.o

    ----------------------------------------------------------------------
       296         16          0          0         96        584   Library Totals
         8          0          0          0          0          0   (incl. Padding)

    ----------------------------------------------------------------------

      Code (inc. data)   RO Data    RW Data    ZI Data      Debug   Library Name

       288         16          0          0         96        584   c_w.l

    ----------------------------------------------------------------------
       296         16          0          0         96        584   Library Totals

    ----------------------------------------------------------------------

==============================================================================


      Code (inc. data)   RO Data    RW Data    ZI Data      Debug   

      6068        106        252          0       1680      30211   Grand Totals
      6068        106        252          0       1680      30211   ELF Image Totals
      6068        106        252          0          0          0   ROM Totals

==============================================================================

    Total RO  Size (Code + RO Data)                 6320 (   6.17kB)
    Total RW  Size (RW Data + ZI Data)              1680 (   1.64kB)
    Total ROM Size (Code + RO Data + RW Data)       6320 (   6.17kB)

==============================================================================

